2026-03-06 15:34:45.115 +06:00 [INF] HTTP OPTIONS /api/auth/login responded 204 in 11.4918 ms
2026-03-06 15:34:55.993 +06:00 [INF] HTTP POST /api/auth/login responded 200 in 10737.6043 ms
2026-03-06 15:34:58.239 +06:00 [INF] HTTP OPTIONS /api/Courses responded 204 in 0.9179 ms
2026-03-06 15:34:58.239 +06:00 [INF] HTTP OPTIONS /api/Courses responded 204 in 0.9196 ms
2026-03-06 15:34:58.239 +06:00 [INF] HTTP OPTIONS /api/Notifications responded 204 in 0.9197 ms
2026-03-06 15:34:58.882 +06:00 [INF] HTTP GET /api/Notifications responded 200 in 619.4221 ms
2026-03-06 15:34:59.313 +06:00 [INF] HTTP GET /api/Courses responded 200 in 1049.9848 ms
2026-03-06 15:34:59.314 +06:00 [INF] HTTP GET /api/Courses responded 200 in 1051.7952 ms
2026-03-06 15:35:04.163 +06:00 [INF] HTTP OPTIONS /api/Courses/4a04c797-2999-4459-960e-e5d8d5493d9e responded 204 in 0.2175 ms
2026-03-06 15:35:04.433 +06:00 [INF] HTTP GET /api/Courses/4a04c797-2999-4459-960e-e5d8d5493d9e responded 200 in 259.5638 ms
2026-03-06 15:35:04.479 +06:00 [INF] HTTP OPTIONS /api/Courses/4a04c797-2999-4459-960e-e5d8d5493d9e/members responded 204 in 0.0840 ms
2026-03-06 15:35:04.479 +06:00 [INF] HTTP OPTIONS /api/Courses/4a04c797-2999-4459-960e-e5d8d5493d9e/join-requests responded 204 in 0.0839 ms
2026-03-06 15:35:04.632 +06:00 [INF] HTTP GET /api/Courses/4a04c797-2999-4459-960e-e5d8d5493d9e/join-requests responded 200 in 136.5246 ms
2026-03-06 15:35:04.710 +06:00 [INF] HTTP GET /api/Courses/4a04c797-2999-4459-960e-e5d8d5493d9e/members responded 200 in 214.9426 ms
2026-03-06 15:37:17.212 +06:00 [INF] HTTP OPTIONS /api/Notifications responded 204 in 0.2272 ms
2026-03-06 15:37:17.214 +06:00 [INF] HTTP OPTIONS /api/Courses responded 204 in 0.1218 ms
2026-03-06 15:37:17.219 +06:00 [INF] HTTP OPTIONS /api/Courses responded 204 in 0.1679 ms
2026-03-06 15:37:17.248 +06:00 [INF] HTTP GET /api/Notifications responded 200 in 22.3894 ms
2026-03-06 15:37:17.287 +06:00 [INF] HTTP GET /api/Courses responded 200 in 55.1379 ms
2026-03-06 15:37:17.301 +06:00 [INF] HTTP GET /api/Courses responded 200 in 69.2694 ms
2026-03-06 15:37:45.383 +06:00 [INF] HTTP OPTIONS /api/Notifications responded 204 in 0.3095 ms
2026-03-06 15:37:45.410 +06:00 [INF] HTTP GET /api/Notifications responded 200 in 17.2970 ms
2026-03-06 15:37:52.735 +06:00 [INF] HTTP OPTIONS /api/Notifications responded 204 in 0.1069 ms
2026-03-06 15:37:52.736 +06:00 [INF] HTTP OPTIONS /api/Courses responded 204 in 0.0611 ms
2026-03-06 15:37:52.736 +06:00 [INF] HTTP OPTIONS /api/Courses responded 204 in 0.1972 ms
2026-03-06 15:37:52.749 +06:00 [INF] HTTP GET /api/Notifications responded 200 in 5.6061 ms
2026-03-06 15:37:52.861 +06:00 [INF] HTTP GET /api/Courses responded 200 in 115.9816 ms
2026-03-06 15:37:52.873 +06:00 [INF] HTTP GET /api/Courses responded 200 in 124.8470 ms
2026-03-06 15:37:58.937 +06:00 [INF] HTTP OPTIONS /api/profile/cb1e1fdb-d34e-4816-8908-436bc28ffdf2 responded 204 in 0.3004 ms
2026-03-06 15:37:58.937 +06:00 [INF] HTTP OPTIONS /api/profile responded 204 in 0.3320 ms
2026-03-06 15:37:58.982 +06:00 [INF] HTTP GET /api/profile responded 200 in 34.0364 ms
2026-03-06 15:37:59.177 +06:00 [INF] HTTP GET /api/profile/cb1e1fdb-d34e-4816-8908-436bc28ffdf2 responded 200 in 230.1827 ms
2026-03-06 15:38:28.429 +06:00 [INF] HTTP OPTIONS /api/Notifications responded 204 in 0.2353 ms
2026-03-06 15:38:28.440 +06:00 [INF] HTTP GET /api/Notifications responded 200 in 3.8076 ms
2026-03-06 15:39:55.202 +06:00 [INF] HTTP OPTIONS /api/Courses responded 204 in 0.1683 ms
2026-03-06 15:39:55.202 +06:00 [INF] HTTP OPTIONS /api/Courses responded 204 in 0.1683 ms
2026-03-06 15:39:55.294 +06:00 [INF] HTTP GET /api/Courses responded 200 in 83.8240 ms
2026-03-06 15:39:55.337 +06:00 [INF] HTTP GET /api/Courses responded 200 in 126.6982 ms
2026-03-06 15:39:58.456 +06:00 [INF] HTTP OPTIONS /api/Notifications responded 204 in 0.1296 ms
2026-03-06 15:39:58.471 +06:00 [INF] HTTP GET /api/Notifications responded 200 in 9.3496 ms
2026-03-06 15:40:46.523 +06:00 [INF] HTTP OPTIONS /api/Courses/4a04c797-2999-4459-960e-e5d8d5493d9e responded 204 in 0.1168 ms
2026-03-06 15:40:46.628 +06:00 [INF] HTTP GET /api/Courses/4a04c797-2999-4459-960e-e5d8d5493d9e responded 200 in 96.4146 ms
2026-03-06 15:40:46.663 +06:00 [INF] HTTP OPTIONS /api/Announcements/courses/4a04c797-2999-4459-960e-e5d8d5493d9e/announcements responded 204 in 0.2610 ms
2026-03-06 15:40:47.016 +06:00 [INF] HTTP GET /api/Announcements/courses/4a04c797-2999-4459-960e-e5d8d5493d9e/announcements responded 200 in 180.8970 ms
2026-03-06 15:40:49.829 +06:00 [INF] HTTP OPTIONS /api/Attendance/courses/4a04c797-2999-4459-960e-e5d8d5493d9e/sessions responded 204 in 0.0678 ms
2026-03-06 15:40:49.831 +06:00 [INF] HTTP OPTIONS /api/Attendance/courses/4a04c797-2999-4459-960e-e5d8d5493d9e/sessions responded 204 in 0.0782 ms
2026-03-06 15:40:49.832 +06:00 [INF] HTTP OPTIONS /api/Courses/4a04c797-2999-4459-960e-e5d8d5493d9e/members responded 204 in 0.0899 ms
2026-03-06 15:40:49.942 +06:00 [INF] HTTP GET /api/Courses/4a04c797-2999-4459-960e-e5d8d5493d9e/members responded 200 in 98.5172 ms
2026-03-06 15:40:50.124 +06:00 [INF] HTTP GET /api/Attendance/courses/4a04c797-2999-4459-960e-e5d8d5493d9e/sessions responded 200 in 284.5663 ms
2026-03-06 15:40:50.139 +06:00 [INF] HTTP GET /api/Attendance/courses/4a04c797-2999-4459-960e-e5d8d5493d9e/sessions responded 200 in 11.8005 ms
2026-03-06 15:40:51.822 +06:00 [INF] HTTP OPTIONS /api/Assignments/courses/4a04c797-2999-4459-960e-e5d8d5493d9e/assignments responded 204 in 0.0680 ms
2026-03-06 15:40:52.052 +06:00 [INF] HTTP GET /api/Assignments/courses/4a04c797-2999-4459-960e-e5d8d5493d9e/assignments responded 200 in 223.3126 ms
2026-03-06 15:40:52.908 +06:00 [INF] HTTP OPTIONS /api/ct/courses/4a04c797-2999-4459-960e-e5d8d5493d9e/events responded 204 in 0.0502 ms
2026-03-06 15:40:53.212 +06:00 [INF] HTTP GET /api/ct/courses/4a04c797-2999-4459-960e-e5d8d5493d9e/events responded 200 in 293.8226 ms
2026-03-06 15:40:55.730 +06:00 [INF] HTTP OPTIONS /api/Notifications responded 204 in 0.0559 ms
2026-03-06 15:40:55.730 +06:00 [INF] HTTP OPTIONS /api/Courses responded 204 in 0.0558 ms
2026-03-06 15:40:55.731 +06:00 [INF] HTTP OPTIONS /api/Courses responded 204 in 0.0115 ms
2026-03-06 15:40:55.743 +06:00 [INF] HTTP GET /api/Notifications responded 200 in 6.1235 ms
2026-03-06 15:40:55.812 +06:00 [INF] HTTP GET /api/Courses responded 200 in 67.8605 ms
2026-03-06 15:40:55.827 +06:00 [INF] HTTP GET /api/Courses responded 200 in 87.0053 ms
2026-03-06 15:40:59.415 +06:00 [INF] HTTP GET /api/Notifications responded 200 in 8.6152 ms
2026-03-06 15:40:59.464 +06:00 [INF] HTTP GET /api/Courses responded 200 in 57.3476 ms
2026-03-06 15:40:59.518 +06:00 [INF] HTTP GET /api/Courses responded 200 in 110.8316 ms
2026-03-06 15:41:01.742 +06:00 [INF] HTTP OPTIONS /api/Notifications responded 204 in 0.1980 ms
2026-03-06 15:41:01.743 +06:00 [INF] HTTP OPTIONS /api/Courses responded 204 in 0.0310 ms
2026-03-06 15:41:01.743 +06:00 [INF] HTTP OPTIONS /api/Courses responded 204 in 0.1098 ms
2026-03-06 15:41:01.766 +06:00 [INF] HTTP GET /api/Notifications responded 200 in 7.7640 ms
2026-03-06 15:41:01.848 +06:00 [INF] HTTP GET /api/Courses responded 200 in 83.8541 ms
2026-03-06 15:41:01.869 +06:00 [INF] HTTP GET /api/Courses responded 200 in 96.2737 ms
2026-03-06 15:42:24.224 +06:00 [INF] HTTP OPTIONS /api/Notifications responded 204 in 0.3916 ms
2026-03-06 15:42:24.225 +06:00 [INF] HTTP OPTIONS /api/Courses responded 204 in 0.0414 ms
2026-03-06 15:42:24.226 +06:00 [INF] HTTP OPTIONS /api/Courses responded 204 in 0.0311 ms
2026-03-06 15:42:24.247 +06:00 [INF] HTTP GET /api/Notifications responded 200 in 13.7082 ms
2026-03-06 15:42:24.314 +06:00 [INF] HTTP GET /api/Courses responded 200 in 80.7991 ms
2026-03-06 15:42:24.318 +06:00 [INF] HTTP GET /api/Courses responded 200 in 71.5786 ms
2026-03-06 15:42:40.203 +06:00 [INF] HTTP OPTIONS /api/Notifications responded 204 in 0.2005 ms
2026-03-06 15:42:40.215 +06:00 [INF] HTTP GET /api/Notifications responded 200 in 3.4250 ms
2026-03-06 15:42:59.199 +06:00 [INF] HTTP OPTIONS /api/Notifications responded 204 in 0.0294 ms
2026-03-06 15:42:59.213 +06:00 [INF] HTTP GET /api/Notifications responded 200 in 7.2624 ms
2026-03-06 15:43:06.914 +06:00 [INF] HTTP OPTIONS /api/Courses responded 204 in 0.0848 ms
2026-03-06 15:43:06.915 +06:00 [INF] HTTP OPTIONS /api/Notifications responded 204 in 0.0172 ms
2026-03-06 15:43:06.919 +06:00 [INF] HTTP OPTIONS /api/Courses responded 204 in 0.4717 ms
2026-03-06 15:43:06.945 +06:00 [INF] HTTP GET /api/Notifications responded 200 in 15.2437 ms
2026-03-06 15:43:07.012 +06:00 [INF] HTTP GET /api/Courses responded 200 in 76.4313 ms
2026-03-06 15:43:07.052 +06:00 [INF] HTTP GET /api/Courses responded 200 in 123.3200 ms
2026-03-06 15:43:13.825 +06:00 [INF] HTTP OPTIONS /api/profile responded 204 in 0.0531 ms
2026-03-06 15:43:13.825 +06:00 [INF] HTTP OPTIONS /api/profile/cb1e1fdb-d34e-4816-8908-436bc28ffdf2 responded 204 in 0.0147 ms
2026-03-06 15:43:13.865 +06:00 [INF] HTTP GET /api/profile responded 200 in 11.3073 ms
2026-03-06 15:43:13.875 +06:00 [INF] HTTP GET /api/profile/cb1e1fdb-d34e-4816-8908-436bc28ffdf2 responded 200 in 21.2638 ms
2026-03-06 15:44:00.541 +06:00 [INF] HTTP OPTIONS /api/Notifications responded 204 in 0.0599 ms
2026-03-06 15:44:00.551 +06:00 [INF] HTTP GET /api/Notifications responded 200 in 2.7228 ms
2026-03-06 15:46:00.805 +06:00 [INF] HTTP OPTIONS /api/Notifications responded 204 in 0.0706 ms
2026-03-06 15:46:00.823 +06:00 [INF] HTTP GET /api/Notifications responded 200 in 5.1610 ms
2026-03-06 15:46:05.501 +06:00 [INF] HTTP OPTIONS /api/Courses responded 204 in 0.0482 ms
2026-03-06 15:46:05.503 +06:00 [INF] HTTP OPTIONS /api/Courses responded 204 in 0.0280 ms
2026-03-06 15:46:05.561 +06:00 [INF] HTTP GET /api/Courses responded 200 in 48.8468 ms
2026-03-06 15:46:05.574 +06:00 [INF] HTTP GET /api/Courses responded 200 in 61.0705 ms
2026-03-06 15:46:09.541 +06:00 [INF] HTTP OPTIONS /api/Courses/4a04c797-2999-4459-960e-e5d8d5493d9e responded 204 in 0.0869 ms
2026-03-06 15:46:09.615 +06:00 [INF] HTTP GET /api/Courses/4a04c797-2999-4459-960e-e5d8d5493d9e responded 200 in 63.7110 ms
2026-03-06 15:46:09.651 +06:00 [INF] HTTP OPTIONS /api/Announcements/courses/4a04c797-2999-4459-960e-e5d8d5493d9e/announcements responded 204 in 0.0312 ms
2026-03-06 15:46:09.719 +06:00 [INF] HTTP GET /api/Announcements/courses/4a04c797-2999-4459-960e-e5d8d5493d9e/announcements responded 200 in 40.5573 ms
2026-03-06 15:46:11.261 +06:00 [INF] HTTP OPTIONS /api/Materials/courses/4a04c797-2999-4459-960e-e5d8d5493d9e/materials responded 204 in 0.0439 ms
2026-03-06 15:46:11.642 +06:00 [INF] HTTP GET /api/Materials/courses/4a04c797-2999-4459-960e-e5d8d5493d9e/materials responded 200 in 374.5796 ms
2026-03-06 15:46:30.844 +06:00 [INF] HTTP OPTIONS /api/Notifications responded 204 in 0.0801 ms
2026-03-06 15:46:30.869 +06:00 [INF] HTTP GET /api/Notifications responded 200 in 11.0861 ms
2026-03-06 15:47:30.900 +06:00 [INF] HTTP OPTIONS /api/Notifications responded 204 in 0.0893 ms
2026-03-06 15:47:30.929 +06:00 [INF] HTTP GET /api/Notifications responded 200 in 13.6429 ms
2026-03-06 15:47:31.975 +06:00 [INF] HTTP OPTIONS /api/Courses responded 204 in 0.0353 ms
2026-03-06 15:47:31.976 +06:00 [INF] HTTP OPTIONS /api/Courses responded 204 in 0.0167 ms
2026-03-06 15:47:32.030 +06:00 [INF] HTTP GET /api/Courses responded 200 in 47.6821 ms
2026-03-06 15:47:32.034 +06:00 [INF] HTTP GET /api/Courses responded 200 in 46.8215 ms
2026-03-06 15:47:44.142 +06:00 [INF] HTTP OPTIONS /api/Courses/4a04c797-2999-4459-960e-e5d8d5493d9e/members responded 204 in 0.2201 ms
2026-03-06 15:47:44.142 +06:00 [INF] HTTP OPTIONS /api/Courses/4a04c797-2999-4459-960e-e5d8d5493d9e/join-requests responded 204 in 0.1312 ms
2026-03-06 15:47:44.283 +06:00 [INF] HTTP GET /api/Courses/4a04c797-2999-4459-960e-e5d8d5493d9e/join-requests responded 200 in 100.3743 ms
2026-03-06 15:47:44.290 +06:00 [INF] HTTP GET /api/Courses/4a04c797-2999-4459-960e-e5d8d5493d9e/members responded 200 in 120.8101 ms
2026-03-06 15:48:30.287 +06:00 [INF] HTTP OPTIONS /api/Notifications responded 204 in 0.2245 ms
2026-03-06 15:48:30.350 +06:00 [INF] HTTP OPTIONS /api/Courses responded 204 in 62.8728 ms
2026-03-06 15:48:30.402 +06:00 [INF] HTTP OPTIONS /api/Courses responded 204 in 0.0439 ms
2026-03-06 15:48:30.415 +06:00 [INF] HTTP GET /api/Notifications responded 200 in 10.2483 ms
2026-03-06 15:48:30.563 +06:00 [INF] HTTP GET /api/Courses responded 200 in 83.9681 ms
2026-03-06 15:48:30.565 +06:00 [INF] HTTP GET /api/Courses responded 200 in 68.6821 ms
2026-03-06 15:49:00.557 +06:00 [INF] HTTP OPTIONS /api/Notifications responded 204 in 0.0596 ms
2026-03-06 15:49:00.572 +06:00 [INF] HTTP GET /api/Notifications responded 200 in 5.9613 ms
2026-03-06 15:49:11.649 +06:00 [INF] HTTP OPTIONS /api/Courses/4a04c797-2999-4459-960e-e5d8d5493d9e responded 204 in 0.0427 ms
2026-03-06 15:49:11.728 +06:00 [INF] HTTP GET /api/Courses/4a04c797-2999-4459-960e-e5d8d5493d9e responded 200 in 68.9103 ms
2026-03-06 15:49:11.761 +06:00 [INF] HTTP OPTIONS /api/Announcements/courses/4a04c797-2999-4459-960e-e5d8d5493d9e/announcements responded 204 in 0.0486 ms
2026-03-06 15:49:11.780 +06:00 [INF] HTTP GET /api/Announcements/courses/4a04c797-2999-4459-960e-e5d8d5493d9e/announcements responded 200 in 10.7505 ms
2026-03-06 15:50:00.585 +06:00 [INF] HTTP OPTIONS /api/Notifications responded 204 in 0.0396 ms
2026-03-06 15:50:00.598 +06:00 [INF] HTTP GET /api/Notifications responded 200 in 8.2833 ms
2026-03-06 15:50:52.688 +06:00 [INF] HTTP OPTIONS /api/Courses responded 204 in 0.0549 ms
2026-03-06 15:50:52.691 +06:00 [INF] HTTP OPTIONS /api/Courses responded 204 in 0.0380 ms
2026-03-06 15:50:52.691 +06:00 [INF] HTTP OPTIONS /api/Notifications responded 204 in 0.0143 ms
2026-03-06 15:50:52.748 +06:00 [INF] HTTP GET /api/Notifications responded 200 in 26.8909 ms
2026-03-06 15:50:52.781 +06:00 [INF] HTTP GET /api/Courses responded 200 in 83.1943 ms
2026-03-06 15:50:52.791 +06:00 [INF] HTTP GET /api/Courses responded 200 in 88.5588 ms
2026-03-06 15:52:27.272 +06:00 [INF] HTTP OPTIONS /api/Courses responded 204 in 0.1528 ms
2026-03-06 15:52:27.272 +06:00 [INF] HTTP OPTIONS /api/Courses responded 204 in 0.1463 ms
2026-03-06 15:52:27.272 +06:00 [INF] HTTP OPTIONS /api/Notifications responded 204 in 0.2662 ms
2026-03-06 15:52:27.300 +06:00 [INF] HTTP GET /api/Notifications responded 200 in 13.7508 ms
2026-03-06 15:52:27.339 +06:00 [INF] HTTP GET /api/Courses responded 200 in 56.2084 ms
2026-03-06 15:52:27.343 +06:00 [INF] HTTP GET /api/Courses responded 200 in 60.4791 ms
2026-03-06 15:52:33.102 +06:00 [INF] HTTP OPTIONS /api/Notifications responded 204 in 0.0415 ms
2026-03-06 15:52:33.103 +06:00 [INF] HTTP OPTIONS /api/Courses responded 204 in 0.0205 ms
2026-03-06 15:52:33.103 +06:00 [INF] HTTP OPTIONS /api/Courses responded 204 in 0.0155 ms
2026-03-06 15:52:33.117 +06:00 [INF] HTTP GET /api/Notifications responded 200 in 6.1121 ms
2026-03-06 15:52:33.154 +06:00 [INF] HTTP GET /api/Courses responded 200 in 40.1901 ms
2026-03-06 15:52:33.173 +06:00 [INF] HTTP GET /api/Courses responded 200 in 51.8573 ms
2026-03-06 15:52:46.695 +06:00 [INF] HTTP OPTIONS /api/Courses responded 204 in 0.2654 ms
2026-03-06 15:52:46.695 +06:00 [INF] HTTP OPTIONS /api/Courses responded 204 in 0.0474 ms
2026-03-06 15:52:46.695 +06:00 [INF] HTTP OPTIONS /api/Notifications responded 204 in 0.0208 ms
2026-03-06 15:52:46.757 +06:00 [INF] HTTP GET /api/Notifications responded 200 in 38.0173 ms
2026-03-06 15:52:46.808 +06:00 [INF] HTTP GET /api/Courses responded 200 in 102.0406 ms
2026-03-06 15:52:46.818 +06:00 [INF] HTTP GET /api/Courses responded 200 in 101.6838 ms
2026-03-06 15:53:00.581 +06:00 [INF] HTTP OPTIONS /api/Courses responded 204 in 0.0799 ms
2026-03-06 15:53:00.581 +06:00 [INF] HTTP OPTIONS /api/Notifications responded 204 in 0.1640 ms
2026-03-06 15:53:00.582 +06:00 [INF] HTTP OPTIONS /api/Courses responded 204 in 0.0287 ms
2026-03-06 15:53:00.770 +06:00 [INF] HTTP GET /api/Courses responded 200 in 107.4691 ms
2026-03-06 15:53:00.864 +06:00 [INF] HTTP GET /api/Notifications responded 200 in 106.2342 ms
2026-03-06 15:53:01.174 +06:00 [INF] HTTP GET /api/Courses responded 200 in 162.1743 ms
2026-03-06 15:53:30.585 +06:00 [INF] HTTP OPTIONS /api/Courses responded 204 in 0.0642 ms
2026-03-06 15:53:30.585 +06:00 [INF] HTTP OPTIONS /api/Notifications responded 204 in 0.0151 ms
2026-03-06 15:53:30.586 +06:00 [INF] HTTP OPTIONS /api/Courses responded 204 in 0.0171 ms
2026-03-06 15:53:30.618 +06:00 [INF] HTTP GET /api/Notifications responded 200 in 15.1442 ms
2026-03-06 15:53:30.682 +06:00 [INF] HTTP GET /api/Courses responded 200 in 82.0332 ms
2026-03-06 15:53:30.685 +06:00 [INF] HTTP GET /api/Courses responded 200 in 71.1099 ms
2026-03-06 15:53:35.962 +06:00 [INF] HTTP OPTIONS /api/Notifications responded 204 in 0.0527 ms
2026-03-06 15:53:35.962 +06:00 [INF] HTTP OPTIONS /api/Courses responded 204 in 0.0160 ms
2026-03-06 15:53:35.962 +06:00 [INF] HTTP OPTIONS /api/Courses responded 204 in 0.0147 ms
2026-03-06 15:53:35.992 +06:00 [INF] HTTP GET /api/Notifications responded 200 in 22.0374 ms
2026-03-06 15:53:36.040 +06:00 [INF] HTTP GET /api/Courses responded 200 in 67.0727 ms
2026-03-06 15:53:36.064 +06:00 [INF] HTTP GET /api/Courses responded 200 in 84.0889 ms
2026-03-06 15:53:43.604 +06:00 [INF] HTTP OPTIONS /api/Notifications responded 204 in 0.0474 ms
2026-03-06 15:53:43.604 +06:00 [INF] HTTP OPTIONS /api/Courses responded 204 in 0.0233 ms
2026-03-06 15:53:43.604 +06:00 [INF] HTTP OPTIONS /api/Courses responded 204 in 0.0115 ms
2026-03-06 15:53:43.624 +06:00 [INF] HTTP GET /api/Notifications responded 200 in 5.4456 ms
2026-03-06 15:53:43.692 +06:00 [INF] HTTP GET /api/Courses responded 200 in 72.5885 ms
2026-03-06 15:53:43.734 +06:00 [INF] HTTP GET /api/Courses responded 200 in 109.5235 ms
2026-03-06 15:53:50.283 +06:00 [INF] HTTP OPTIONS /api/profile responded 204 in 0.0431 ms
2026-03-06 15:53:50.283 +06:00 [INF] HTTP OPTIONS /api/profile/cb1e1fdb-d34e-4816-8908-436bc28ffdf2 responded 204 in 0.0093 ms
2026-03-06 15:53:50.312 +06:00 [INF] HTTP GET /api/profile responded 200 in 24.1212 ms
2026-03-06 15:53:50.336 +06:00 [INF] HTTP GET /api/profile/cb1e1fdb-d34e-4816-8908-436bc28ffdf2 responded 200 in 37.6177 ms
2026-03-06 15:55:11.551 +06:00 [INF] HTTP OPTIONS /api/Courses responded 204 in 0.0610 ms
2026-03-06 15:55:11.551 +06:00 [INF] HTTP OPTIONS /api/Courses responded 204 in 0.0113 ms
2026-03-06 15:55:11.551 +06:00 [INF] HTTP OPTIONS /api/Notifications responded 204 in 0.0136 ms
2026-03-06 15:55:11.575 +06:00 [INF] HTTP GET /api/Notifications responded 200 in 4.9628 ms
2026-03-06 15:55:11.622 +06:00 [INF] HTTP GET /api/Courses responded 200 in 60.8011 ms
2026-03-06 15:55:11.634 +06:00 [INF] HTTP GET /api/Courses responded 200 in 66.5724 ms
2026-03-06 15:55:17.728 +06:00 [INF] HTTP OPTIONS /api/Courses responded 204 in 0.0480 ms
2026-03-06 15:55:17.728 +06:00 [INF] HTTP OPTIONS /api/Courses responded 204 in 0.0924 ms
2026-03-06 15:55:17.737 +06:00 [INF] HTTP OPTIONS /api/Notifications responded 204 in 0.0915 ms
2026-03-06 15:55:17.945 +06:00 [INF] HTTP GET /api/Notifications responded 200 in 53.7156 ms
2026-03-06 15:55:18.110 +06:00 [INF] HTTP GET /api/Courses responded 200 in 319.8833 ms
2026-03-06 15:55:18.128 +06:00 [INF] HTTP GET /api/Courses responded 200 in 337.5539 ms
2026-03-06 15:58:22.217 +06:00 [INF] HTTP OPTIONS /api/Courses responded 204 in 0.5245 ms
2026-03-06 15:58:22.217 +06:00 [INF] HTTP OPTIONS /api/Courses responded 204 in 0.5242 ms
2026-03-06 15:58:22.385 +06:00 [INF] HTTP GET /api/Courses responded 200 in 150.1669 ms
2026-03-06 15:58:22.399 +06:00 [INF] HTTP GET /api/Courses responded 200 in 162.4069 ms
2026-03-06 15:58:31.204 +06:00 [INF] HTTP OPTIONS /api/Courses/4a04c797-2999-4459-960e-e5d8d5493d9e responded 204 in 0.0482 ms
2026-03-06 15:58:31.321 +06:00 [INF] HTTP GET /api/Courses/4a04c797-2999-4459-960e-e5d8d5493d9e responded 200 in 95.2510 ms
2026-03-06 15:58:31.359 +06:00 [INF] HTTP OPTIONS /api/Announcements/courses/4a04c797-2999-4459-960e-e5d8d5493d9e/announcements responded 204 in 0.0207 ms
2026-03-06 15:58:31.437 +06:00 [INF] HTTP GET /api/Announcements/courses/4a04c797-2999-4459-960e-e5d8d5493d9e/announcements responded 200 in 68.4281 ms
2026-03-06 15:59:10.987 +06:00 [INF] HTTP OPTIONS /api/Notifications responded 204 in 0.0498 ms
2026-03-06 15:59:11.003 +06:00 [INF] HTTP GET /api/Notifications responded 200 in 9.1259 ms
2026-03-06 15:59:13.898 +06:00 [INF] HTTP OPTIONS /api/Courses responded 204 in 0.0302 ms
2026-03-06 15:59:13.901 +06:00 [INF] HTTP OPTIONS /api/Courses responded 204 in 0.1071 ms
2026-03-06 15:59:13.913 +06:00 [INF] HTTP GET /api/Notifications responded 200 in 15.4100 ms
2026-03-06 15:59:13.972 +06:00 [INF] HTTP GET /api/Courses responded 200 in 63.7164 ms
2026-03-06 15:59:14.018 +06:00 [INF] HTTP GET /api/Courses responded 200 in 103.6475 ms
2026-03-06 15:59:58.516 +06:00 [INF] HTTP OPTIONS /api/Notifications responded 204 in 0.0439 ms
2026-03-06 15:59:58.533 +06:00 [INF] HTTP GET /api/Notifications responded 200 in 8.0031 ms
2026-03-06 15:59:59.492 +06:00 [INF] HTTP OPTIONS /api/profile responded 204 in 0.0456 ms
2026-03-06 15:59:59.492 +06:00 [INF] HTTP OPTIONS /api/profile/cb1e1fdb-d34e-4816-8908-436bc28ffdf2 responded 204 in 0.0121 ms
2026-03-06 15:59:59.508 +06:00 [INF] HTTP GET /api/profile responded 200 in 10.4345 ms
2026-03-06 15:59:59.528 +06:00 [INF] HTTP GET /api/profile/cb1e1fdb-d34e-4816-8908-436bc28ffdf2 responded 200 in 24.2685 ms
2026-03-06 16:00:28.550 +06:00 [INF] HTTP OPTIONS /api/Notifications responded 204 in 0.1881 ms
2026-03-06 16:00:28.565 +06:00 [INF] HTTP GET /api/Notifications responded 200 in 8.3738 ms
2026-03-06 16:00:40.201 +06:00 [INF] HTTP OPTIONS /api/Courses responded 204 in 0.0826 ms
2026-03-06 16:00:40.202 +06:00 [INF] HTTP OPTIONS /api/Courses responded 204 in 0.0227 ms
2026-03-06 16:00:40.269 +06:00 [INF] HTTP GET /api/Courses responded 200 in 50.0820 ms
2026-03-06 16:00:40.278 +06:00 [INF] HTTP GET /api/Courses responded 200 in 58.8289 ms
2026-03-06 16:01:28.584 +06:00 [INF] HTTP OPTIONS /api/Notifications responded 204 in 0.0395 ms
2026-03-06 16:01:28.615 +06:00 [INF] HTTP GET /api/Notifications responded 200 in 14.4372 ms
2026-03-06 16:02:06.605 +06:00 [INF] HTTP OPTIONS /api/Notifications responded 204 in 0.0369 ms
2026-03-06 16:02:06.606 +06:00 [INF] HTTP OPTIONS /api/Courses responded 204 in 0.0136 ms
2026-03-06 16:02:06.613 +06:00 [INF] HTTP OPTIONS /api/Courses responded 204 in 0.0941 ms
2026-03-06 16:02:06.650 +06:00 [INF] HTTP GET /api/Notifications responded 200 in 28.1264 ms
2026-03-06 16:02:06.684 +06:00 [INF] HTTP GET /api/Courses responded 200 in 61.1316 ms
2026-03-06 16:02:06.717 +06:00 [INF] HTTP GET /api/Courses responded 200 in 68.8265 ms
2026-03-06 16:02:37.992 +06:00 [INF] HTTP OPTIONS /api/Courses responded 204 in 0.0594 ms
2026-03-06 16:02:37.992 +06:00 [INF] HTTP OPTIONS /api/Notifications responded 204 in 0.0232 ms
2026-03-06 16:02:37.993 +06:00 [INF] HTTP OPTIONS /api/Courses responded 204 in 0.0095 ms
2026-03-06 16:02:38.006 +06:00 [INF] HTTP GET /api/Notifications responded 200 in 4.9061 ms
2026-03-06 16:02:38.087 +06:00 [INF] HTTP GET /api/Courses responded 200 in 86.9711 ms
2026-03-06 16:02:38.091 +06:00 [INF] HTTP GET /api/Courses responded 200 in 88.5985 ms
2026-03-06 16:02:42.345 +06:00 [INF] HTTP GET /api/Notifications responded 200 in 4.6917 ms
2026-03-06 16:02:42.399 +06:00 [INF] HTTP GET /api/Courses responded 200 in 57.9290 ms
2026-03-06 16:02:42.443 +06:00 [INF] HTTP GET /api/Courses responded 200 in 102.6564 ms
2026-03-06 16:02:47.507 +06:00 [INF] HTTP OPTIONS /api/Notifications responded 204 in 0.0404 ms
2026-03-06 16:02:47.508 +06:00 [INF] HTTP OPTIONS /api/Courses responded 204 in 0.0187 ms
2026-03-06 16:02:47.509 +06:00 [INF] HTTP OPTIONS /api/Courses responded 204 in 0.0367 ms
2026-03-06 16:02:47.561 +06:00 [INF] HTTP GET /api/Notifications responded 200 in 26.1308 ms
2026-03-06 16:02:47.671 +06:00 [INF] HTTP GET /api/Courses responded 200 in 58.6860 ms
2026-03-06 16:02:47.690 +06:00 [INF] HTTP GET /api/Courses responded 200 in 63.0988 ms
2026-03-06 16:04:37.457 +06:00 [INF] HTTP OPTIONS /api/Courses responded 204 in 6.6879 ms
2026-03-06 16:04:37.457 +06:00 [INF] HTTP OPTIONS /api/Courses responded 204 in 6.0826 ms
2026-03-06 16:04:37.457 +06:00 [INF] HTTP OPTIONS /api/Notifications responded 204 in 6.0825 ms
2026-03-06 16:04:37.730 +06:00 [INF] HTTP GET /api/Notifications responded 200 in 215.7646 ms
2026-03-06 16:04:37.784 +06:00 [INF] HTTP GET /api/Courses responded 200 in 269.5496 ms
2026-03-06 16:04:37.790 +06:00 [INF] HTTP GET /api/Courses responded 200 in 276.9041 ms
2026-03-06 16:05:07.825 +06:00 [INF] HTTP OPTIONS /api/Notifications responded 204 in 0.0562 ms
2026-03-06 16:05:07.833 +06:00 [INF] HTTP GET /api/Notifications responded 200 in 3.9695 ms
2026-03-06 16:05:18.629 +06:00 [INF] HTTP OPTIONS /api/profile/cb1e1fdb-d34e-4816-8908-436bc28ffdf2 responded 204 in 0.0179 ms
2026-03-06 16:05:18.629 +06:00 [INF] HTTP OPTIONS /api/profile responded 204 in 0.8654 ms
2026-03-06 16:05:18.667 +06:00 [INF] HTTP GET /api/profile responded 200 in 21.9369 ms
2026-03-06 16:05:18.698 +06:00 [INF] HTTP GET /api/profile/cb1e1fdb-d34e-4816-8908-436bc28ffdf2 responded 200 in 48.7631 ms
2026-03-06 16:05:38.056 +06:00 [INF] HTTP OPTIONS /api/Notifications responded 204 in 17.1103 ms
2026-03-06 16:05:38.506 +06:00 [INF] HTTP GET /api/Notifications responded 200 in 369.3985 ms
2026-03-06 16:06:09.322 +06:00 [INF] HTTP OPTIONS /api/Notifications responded 204 in 3.7237 ms
2026-03-06 16:06:09.719 +06:00 [INF] HTTP GET /api/Notifications responded 200 in 353.5950 ms
2026-03-06 16:06:40.447 +06:00 [INF] HTTP OPTIONS /api/Notifications responded 204 in 8.6486 ms
2026-03-06 16:06:41.279 +06:00 [INF] HTTP GET /api/Notifications responded 200 in 699.3068 ms
2026-03-06 16:07:42.108 +06:00 [INF] HTTP OPTIONS /api/Notifications responded 204 in 13.9675 ms
2026-03-06 16:07:42.671 +06:00 [INF] HTTP GET /api/Notifications responded 200 in 472.8568 ms
2026-03-06 16:08:55.604 +06:00 [INF] HTTP OPTIONS /api/Courses responded 204 in 7.2049 ms
2026-03-06 16:08:55.614 +06:00 [INF] HTTP OPTIONS /api/Notifications responded 204 in 0.0489 ms
2026-03-06 16:08:55.614 +06:00 [INF] HTTP OPTIONS /api/Courses responded 204 in 0.6886 ms
2026-03-06 16:08:55.954 +06:00 [INF] HTTP GET /api/Notifications responded 200 in 313.6671 ms
2026-03-06 16:08:56.038 +06:00 [INF] HTTP GET /api/Courses responded 200 in 396.4511 ms
2026-03-06 16:08:56.051 +06:00 [INF] HTTP GET /api/Courses responded 200 in 408.5742 ms
2026-03-06 16:09:12.433 +06:00 [INF] HTTP OPTIONS /api/Notifications responded 204 in 1.6604 ms
2026-03-06 16:09:12.579 +06:00 [INF] HTTP GET /api/Notifications responded 200 in 135.9549 ms
2026-03-06 16:10:20.136 +06:00 [INF] HTTP OPTIONS /api/Courses responded 204 in 14.1116 ms
2026-03-06 16:10:20.136 +06:00 [INF] HTTP OPTIONS /api/Courses responded 204 in 14.1116 ms
2026-03-06 16:10:20.136 +06:00 [INF] HTTP OPTIONS /api/Notifications responded 204 in 14.1047 ms
2026-03-06 16:10:20.411 +06:00 [INF] HTTP GET /api/Notifications responded 200 in 222.5018 ms
2026-03-06 16:10:20.931 +06:00 [INF] HTTP GET /api/Courses responded 200 in 740.9309 ms
2026-03-06 16:10:20.940 +06:00 [INF] HTTP GET /api/Courses responded 200 in 751.8510 ms
2026-03-06 16:11:21.204 +06:00 [INF] HTTP OPTIONS /api/Notifications responded 204 in 7.8412 ms
2026-03-06 16:11:21.458 +06:00 [INF] HTTP GET /api/Notifications responded 200 in 218.4002 ms
2026-03-06 16:11:52.048 +06:00 [INF] HTTP OPTIONS /api/Notifications responded 204 in 2.0518 ms
2026-03-06 16:11:52.300 +06:00 [INF] HTTP GET /api/Notifications responded 200 in 203.0201 ms
2026-03-06 16:12:17.616 +06:00 [INF] HTTP OPTIONS /api/Notifications responded 204 in 0.8869 ms
2026-03-06 16:12:17.618 +06:00 [INF] HTTP OPTIONS /api/Courses responded 204 in 0.0279 ms
2026-03-06 16:12:17.620 +06:00 [INF] HTTP OPTIONS /api/Courses responded 204 in 0.0302 ms
2026-03-06 16:12:17.671 +06:00 [INF] HTTP GET /api/Notifications responded 200 in 44.9061 ms
2026-03-06 16:12:17.965 +06:00 [INF] HTTP GET /api/Courses responded 200 in 332.0876 ms
2026-03-06 16:12:17.971 +06:00 [INF] HTTP GET /api/Courses responded 200 in 340.0743 ms
2026-03-06 16:13:02.810 +06:00 [INF] HTTP OPTIONS /api/Notifications responded 204 in 0.2497 ms
2026-03-06 16:13:02.862 +06:00 [INF] HTTP GET /api/Notifications responded 200 in 44.9160 ms
2026-03-06 16:13:04.522 +06:00 [INF] HTTP OPTIONS /api/profile responded 204 in 0.0594 ms
2026-03-06 16:13:04.528 +06:00 [INF] HTTP OPTIONS /api/profile/cb1e1fdb-d34e-4816-8908-436bc28ffdf2 responded 204 in 0.1287 ms
2026-03-06 16:13:04.568 +06:00 [INF] HTTP GET /api/profile responded 200 in 34.7052 ms
2026-03-06 16:13:04.653 +06:00 [INF] HTTP GET /api/profile/cb1e1fdb-d34e-4816-8908-436bc28ffdf2 responded 200 in 93.8066 ms
2026-03-06 16:13:33.037 +06:00 [INF] HTTP OPTIONS /api/Notifications responded 204 in 4.3391 ms
2026-03-06 16:13:33.190 +06:00 [INF] HTTP GET /api/Notifications responded 200 in 128.7896 ms
2026-03-06 16:14:33.451 +06:00 [INF] HTTP OPTIONS /api/Notifications responded 204 in 2.8483 ms
2026-03-06 16:14:33.646 +06:00 [INF] HTTP GET /api/Notifications responded 200 in 175.7879 ms
2026-03-06 16:14:58.278 +06:00 [INF] HTTP OPTIONS /api/Notifications responded 204 in 0.6291 ms
2026-03-06 16:14:58.281 +06:00 [INF] HTTP OPTIONS /api/Courses responded 204 in 0.0452 ms
2026-03-06 16:14:58.326 +06:00 [INF] HTTP OPTIONS /api/Courses responded 204 in 0.0408 ms
2026-03-06 16:14:58.363 +06:00 [INF] HTTP GET /api/Notifications responded 200 in 48.4610 ms
2026-03-06 16:14:58.639 +06:00 [INF] HTTP GET /api/Courses responded 200 in 274.4251 ms
2026-03-06 16:14:58.648 +06:00 [INF] HTTP GET /api/Courses responded 200 in 270.2563 ms
2026-03-06 16:15:29.241 +06:00 [INF] HTTP OPTIONS /api/Notifications responded 204 in 0.7010 ms
2026-03-06 16:15:29.281 +06:00 [INF] HTTP GET /api/Notifications responded 200 in 29.5659 ms
2026-03-06 16:18:04.614 +06:00 [INF] HTTP OPTIONS /api/profile responded 204 in 3.1322 ms
2026-03-06 16:18:04.614 +06:00 [INF] HTTP OPTIONS /api/profile/cb1e1fdb-d34e-4816-8908-436bc28ffdf2 responded 204 in 3.1274 ms
2026-03-06 16:18:04.879 +06:00 [INF] HTTP GET /api/profile responded 200 in 197.9441 ms
2026-03-06 16:18:04.917 +06:00 [INF] HTTP GET /api/profile/cb1e1fdb-d34e-4816-8908-436bc28ffdf2 responded 200 in 232.0807 ms
2026-03-06 16:18:14.824 +06:00 [INF] HTTP OPTIONS /api/Courses responded 204 in 1.2217 ms
2026-03-06 16:18:14.824 +06:00 [INF] HTTP OPTIONS /api/Courses responded 204 in 1.3459 ms
2026-03-06 16:18:14.829 +06:00 [INF] HTTP OPTIONS /api/Notifications responded 204 in 0.5552 ms
2026-03-06 16:18:15.138 +06:00 [INF] HTTP GET /api/Notifications responded 200 in 286.8311 ms
2026-03-06 16:18:15.533 +06:00 [INF] HTTP GET /api/Courses responded 200 in 683.6293 ms
2026-03-06 16:18:15.542 +06:00 [INF] HTTP GET /api/Courses responded 200 in 692.7355 ms
2026-03-06 16:19:20.272 +06:00 [INF] HTTP OPTIONS /api/Courses responded 204 in 0.7181 ms
2026-03-06 16:19:20.272 +06:00 [INF] HTTP OPTIONS /api/Notifications responded 204 in 0.7166 ms
2026-03-06 16:19:20.272 +06:00 [INF] HTTP OPTIONS /api/Courses responded 204 in 0.7196 ms
2026-03-06 16:19:20.311 +06:00 [INF] HTTP GET /api/Notifications responded 200 in 26.6253 ms
2026-03-06 16:19:20.340 +06:00 [INF] HTTP GET /api/Courses responded 200 in 55.6872 ms
2026-03-06 16:19:20.350 +06:00 [INF] HTTP GET /api/Courses responded 200 in 66.5870 ms
2026-03-06 16:19:45.317 +06:00 [INF] HTTP OPTIONS /api/Courses responded 204 in 1.0729 ms
2026-03-06 16:19:45.317 +06:00 [INF] HTTP OPTIONS /api/Notifications responded 204 in 1.0729 ms
2026-03-06 16:19:45.334 +06:00 [INF] HTTP OPTIONS /api/Courses responded 204 in 0.0948 ms
2026-03-06 16:19:45.494 +06:00 [INF] HTTP GET /api/Notifications responded 200 in 161.9636 ms
2026-03-06 16:19:45.827 +06:00 [INF] HTTP GET /api/Courses responded 200 in 496.7686 ms
2026-03-06 16:19:45.830 +06:00 [INF] HTTP GET /api/Courses responded 200 in 484.8377 ms
2026-03-06 16:19:54.527 +06:00 [INF] HTTP OPTIONS /api/profile responded 204 in 0.0507 ms
2026-03-06 16:19:54.528 +06:00 [INF] HTTP OPTIONS /api/profile/cb1e1fdb-d34e-4816-8908-436bc28ffdf2 responded 204 in 0.0214 ms
2026-03-06 16:19:54.545 +06:00 [INF] HTTP GET /api/profile responded 200 in 10.4899 ms
2026-03-06 16:19:54.567 +06:00 [INF] HTTP GET /api/profile/cb1e1fdb-d34e-4816-8908-436bc28ffdf2 responded 200 in 28.1690 ms
2026-03-06 16:20:00.692 +06:00 [INF] HTTP OPTIONS /api/Courses/4a04c797-2999-4459-960e-e5d8d5493d9e responded 204 in 0.1331 ms
2026-03-06 16:20:00.923 +06:00 [INF] HTTP GET /api/Courses/4a04c797-2999-4459-960e-e5d8d5493d9e responded 200 in 192.2706 ms
2026-03-06 16:20:00.966 +06:00 [INF] HTTP OPTIONS /api/Announcements/courses/4a04c797-2999-4459-960e-e5d8d5493d9e/announcements responded 204 in 0.0557 ms
2026-03-06 16:20:01.003 +06:00 [INF] HTTP GET /api/Announcements/courses/4a04c797-2999-4459-960e-e5d8d5493d9e/announcements responded 200 in 29.6047 ms
2026-03-06 16:20:17.176 +06:00 [INF] HTTP OPTIONS /api/Notifications responded 204 in 20.2890 ms
2026-03-06 16:20:17.761 +06:00 [INF] HTTP GET /api/Notifications responded 200 in 487.7173 ms
2026-03-06 16:20:48.680 +06:00 [INF] HTTP OPTIONS /api/Notifications responded 204 in 11.8480 ms
2026-03-06 16:20:49.238 +06:00 [INF] HTTP GET /api/Notifications responded 200 in 484.9629 ms
2026-03-06 16:21:19.803 +06:00 [INF] HTTP OPTIONS /api/Notifications responded 204 in 4.7857 ms
2026-03-06 16:21:20.155 +06:00 [INF] HTTP GET /api/Notifications responded 200 in 287.7597 ms
2026-03-06 16:21:52.408 +06:00 [INF] HTTP OPTIONS /api/Notifications responded 204 in 3.3884 ms
2026-03-06 16:21:52.745 +06:00 [INF] HTTP GET /api/Notifications responded 200 in 245.3421 ms
