2026-03-23 22:54:27.429 +06:00 [INF] HTTP OPTIONS /api/Notifications responded 204 in 11.0780 ms
2026-03-23 22:54:46.804 +06:00 [INF] HTTP OPTIONS /api/Courses responded 204 in 6.7014 ms
2026-03-23 22:54:46.804 +06:00 [INF] HTTP OPTIONS /api/Courses responded 204 in 6.7134 ms
2026-03-23 22:54:46.804 +06:00 [INF] HTTP OPTIONS /api/Notifications responded 204 in 6.7123 ms
2026-03-23 22:54:47.510 +06:00 [INF] HTTP GET /api/Notifications responded 401 in 640.3321 ms
2026-03-23 22:54:47.510 +06:00 [INF] HTTP GET /api/Courses responded 401 in 639.7910 ms
2026-03-23 22:54:47.510 +06:00 [INF] HTTP GET /api/Courses responded 401 in 640.4262 ms
2026-03-23 22:54:48.110 +06:00 [INF] HTTP OPTIONS /api/auth/refresh responded 204 in 0.1561 ms
2026-03-23 22:54:56.302 +06:00 [INF] HTTP POST /api/auth/refresh responded 200 in 8167.2663 ms
2026-03-23 22:54:56.702 +06:00 [INF] HTTP OPTIONS /api/Courses responded 204 in 0.3718 ms
2026-03-23 22:54:56.702 +06:00 [INF] HTTP OPTIONS /api/Notifications responded 204 in 0.1852 ms
2026-03-23 22:54:56.704 +06:00 [INF] HTTP OPTIONS /api/Courses responded 204 in 0.1163 ms
2026-03-23 22:54:57.266 +06:00 [INF] HTTP GET /api/Notifications responded 200 in 506.5923 ms
2026-03-23 22:54:57.728 +06:00 [INF] HTTP GET /api/Courses responded 200 in 946.5035 ms
2026-03-23 22:54:57.732 +06:00 [INF] HTTP GET /api/Courses responded 200 in 982.2585 ms
2026-03-23 22:55:05.766 +06:00 [INF] HTTP OPTIONS /api/Courses/4a04c797-2999-4459-960e-e5d8d5493d9e responded 204 in 0.3232 ms
2026-03-23 22:55:06.239 +06:00 [INF] HTTP GET /api/Courses/4a04c797-2999-4459-960e-e5d8d5493d9e responded 200 in 449.0642 ms
2026-03-23 22:55:06.431 +06:00 [INF] HTTP OPTIONS /api/Announcements/courses/4a04c797-2999-4459-960e-e5d8d5493d9e/announcements responded 204 in 0.0756 ms
2026-03-23 22:55:06.431 +06:00 [INF] HTTP OPTIONS /api/Courses/4a04c797-2999-4459-960e-e5d8d5493d9e/join-requests responded 204 in 0.0631 ms
2026-03-23 22:55:06.431 +06:00 [INF] HTTP OPTIONS /api/Courses/4a04c797-2999-4459-960e-e5d8d5493d9e/members responded 204 in 0.0631 ms
2026-03-23 22:55:06.678 +06:00 [INF] HTTP GET /api/Announcements/courses/4a04c797-2999-4459-960e-e5d8d5493d9e/announcements responded 200 in 238.1885 ms
2026-03-23 22:55:06.854 +06:00 [INF] HTTP GET /api/Courses/4a04c797-2999-4459-960e-e5d8d5493d9e/join-requests responded 200 in 403.0818 ms
2026-03-23 22:55:06.901 +06:00 [INF] HTTP GET /api/Courses/4a04c797-2999-4459-960e-e5d8d5493d9e/members responded 200 in 445.8350 ms
2026-03-23 22:55:14.811 +06:00 [INF] HTTP OPTIONS /api/Attendance/courses/4a04c797-2999-4459-960e-e5d8d5493d9e/sessions responded 204 in 0.0772 ms
2026-03-23 22:55:14.811 +06:00 [INF] HTTP OPTIONS /api/Courses/4a04c797-2999-4459-960e-e5d8d5493d9e/members responded 204 in 0.0607 ms
2026-03-23 22:55:14.811 +06:00 [INF] HTTP OPTIONS /api/Attendance/courses/4a04c797-2999-4459-960e-e5d8d5493d9e/sessions responded 204 in 0.2404 ms
2026-03-23 22:55:15.268 +06:00 [INF] HTTP GET /api/Courses/4a04c797-2999-4459-960e-e5d8d5493d9e/members responded 200 in 434.2170 ms
2026-03-23 22:55:15.983 +06:00 [INF] HTTP GET /api/Attendance/courses/4a04c797-2999-4459-960e-e5d8d5493d9e/sessions responded 200 in 1152.1980 ms
2026-03-23 22:55:16.053 +06:00 [INF] HTTP GET /api/Attendance/courses/4a04c797-2999-4459-960e-e5d8d5493d9e/sessions responded 200 in 53.0228 ms
2026-03-23 22:56:01.569 +06:00 [INF] HTTP OPTIONS /api/Materials/courses/4a04c797-2999-4459-960e-e5d8d5493d9e/materials responded 204 in 5.2987 ms
2026-03-23 22:56:02.631 +06:00 [INF] HTTP GET /api/Materials/courses/4a04c797-2999-4459-960e-e5d8d5493d9e/materials responded 200 in 1005.3779 ms
2026-03-23 22:56:04.992 +06:00 [INF] HTTP OPTIONS /api/Notifications responded 204 in 0.1718 ms
2026-03-23 22:56:05.077 +06:00 [INF] HTTP GET /api/Notifications responded 200 in 58.4930 ms
2026-03-23 22:59:06.441 +06:00 [INF] HTTP OPTIONS /api/Notifications responded 204 in 25.6740 ms
2026-03-23 22:59:07.290 +06:00 [INF] HTTP GET /api/Notifications responded 200 in 792.2943 ms
2026-03-23 23:01:56.468 +06:00 [INF] HTTP OPTIONS /api/Materials/courses/4a04c797-2999-4459-960e-e5d8d5493d9e/materials responded 204 in 7.3049 ms
2026-03-23 23:01:56.829 +06:00 [INF] HTTP GET /api/Materials/courses/4a04c797-2999-4459-960e-e5d8d5493d9e/materials responded 200 in 330.6759 ms
2026-03-23 23:02:07.598 +06:00 [INF] HTTP OPTIONS /api/Notifications responded 204 in 0.5633 ms
2026-03-23 23:02:07.629 +06:00 [INF] HTTP GET /api/Notifications responded 200 in 20.6260 ms
2026-03-23 23:03:53.797 +06:00 [INF] HTTP OPTIONS /api/Materials/courses/4a04c797-2999-4459-960e-e5d8d5493d9e/materials responded 204 in 32.1104 ms
2026-03-23 23:03:55.063 +06:00 [INF] HTTP GET /api/Materials/courses/4a04c797-2999-4459-960e-e5d8d5493d9e/materials responded 200 in 1151.3052 ms
2026-03-23 23:04:07.719 +06:00 [INF] HTTP OPTIONS /api/Notifications responded 204 in 2.9808 ms
2026-03-23 23:04:07.855 +06:00 [INF] HTTP GET /api/Notifications responded 200 in 110.8782 ms
2026-03-23 23:04:59.203 +06:00 [INF] HTTP OPTIONS /api/Attendance/courses/4a04c797-2999-4459-960e-e5d8d5493d9e/sessions responded 204 in 57.0046 ms
2026-03-23 23:04:59.202 +06:00 [INF] HTTP OPTIONS /api/Courses/4a04c797-2999-4459-960e-e5d8d5493d9e/members responded 204 in 56.9166 ms
2026-03-23 23:04:59.202 +06:00 [INF] HTTP OPTIONS /api/Attendance/courses/4a04c797-2999-4459-960e-e5d8d5493d9e/sessions responded 204 in 56.9548 ms
2026-03-23 23:05:00.323 +06:00 [INF] HTTP GET /api/Attendance/courses/4a04c797-2999-4459-960e-e5d8d5493d9e/sessions responded 200 in 959.9683 ms
2026-03-23 23:05:00.375 +06:00 [INF] HTTP GET /api/Attendance/courses/4a04c797-2999-4459-960e-e5d8d5493d9e/sessions responded 200 in 48.0066 ms
2026-03-23 23:05:02.413 +06:00 [INF] HTTP GET /api/Courses/4a04c797-2999-4459-960e-e5d8d5493d9e/members responded 200 in 3049.7316 ms
2026-03-23 23:05:08.894 +06:00 [INF] HTTP OPTIONS /api/Notifications responded 204 in 20.2324 ms
2026-03-23 23:05:09.581 +06:00 [INF] HTTP GET /api/Notifications responded 200 in 584.0553 ms
2026-03-23 23:25:56.651 +06:00 [INF] HTTP OPTIONS /api/Courses responded 204 in 9.1119 ms
2026-03-23 23:25:56.651 +06:00 [INF] HTTP OPTIONS /api/Notifications responded 204 in 9.1193 ms
2026-03-23 23:25:56.651 +06:00 [INF] HTTP OPTIONS /api/Courses responded 204 in 10.2622 ms
2026-03-23 23:26:08.033 +06:00 [INF] HTTP GET /api/Notifications responded 200 in 9293.8179 ms
2026-03-23 23:26:08.377 +06:00 [INF] HTTP GET /api/Courses responded 200 in 9397.0271 ms
2026-03-23 23:26:08.381 +06:00 [INF] HTTP GET /api/Courses responded 200 in 9723.8366 ms
2026-03-23 23:26:16.630 +06:00 [INF] HTTP OPTIONS /api/Courses/4a04c797-2999-4459-960e-e5d8d5493d9e responded 204 in 0.9192 ms
2026-03-23 23:26:17.012 +06:00 [INF] HTTP GET /api/Courses/4a04c797-2999-4459-960e-e5d8d5493d9e responded 200 in 374.1788 ms
2026-03-23 23:26:17.184 +06:00 [INF] HTTP OPTIONS /api/Announcements/courses/4a04c797-2999-4459-960e-e5d8d5493d9e/announcements responded 204 in 0.1186 ms
2026-03-23 23:26:17.184 +06:00 [INF] HTTP OPTIONS /api/Courses/4a04c797-2999-4459-960e-e5d8d5493d9e/join-requests responded 204 in 0.0581 ms
2026-03-23 23:26:17.184 +06:00 [INF] HTTP OPTIONS /api/Courses/4a04c797-2999-4459-960e-e5d8d5493d9e/members responded 204 in 0.0608 ms
2026-03-23 23:26:17.344 +06:00 [INF] HTTP GET /api/Announcements/courses/4a04c797-2999-4459-960e-e5d8d5493d9e/announcements responded 200 in 152.1981 ms
2026-03-23 23:26:17.433 +06:00 [INF] HTTP GET /api/Courses/4a04c797-2999-4459-960e-e5d8d5493d9e/join-requests responded 200 in 236.6813 ms
2026-03-23 23:26:17.439 +06:00 [INF] HTTP GET /api/Courses/4a04c797-2999-4459-960e-e5d8d5493d9e/members responded 200 in 242.8181 ms
2026-03-23 23:26:20.817 +06:00 [INF] HTTP OPTIONS /api/Materials/courses/4a04c797-2999-4459-960e-e5d8d5493d9e/materials responded 204 in 0.2017 ms
2026-03-23 23:26:21.105 +06:00 [INF] HTTP GET /api/Materials/courses/4a04c797-2999-4459-960e-e5d8d5493d9e/materials responded 200 in 271.5387 ms
2026-03-23 23:26:23.588 +06:00 [INF] HTTP OPTIONS /api/Assignments/courses/4a04c797-2999-4459-960e-e5d8d5493d9e/assignments responded 204 in 0.2408 ms
2026-03-23 23:26:23.735 +06:00 [INF] HTTP GET /api/Assignments/courses/4a04c797-2999-4459-960e-e5d8d5493d9e/assignments responded 200 in 138.2733 ms
2026-03-23 23:29:09.206 +06:00 [INF] HTTP OPTIONS /api/Notifications responded 204 in 14.3643 ms
2026-03-23 23:29:09.910 +06:00 [INF] HTTP GET /api/Notifications responded 200 in 627.4425 ms
2026-03-23 23:33:28.026 +06:00 [INF] HTTP OPTIONS /api/Assignments/courses/4a04c797-2999-4459-960e-e5d8d5493d9e/assignments responded 204 in 21.8384 ms
2026-03-23 23:33:28.727 +06:00 [INF] HTTP GET /api/Assignments/courses/4a04c797-2999-4459-960e-e5d8d5493d9e/assignments responded 200 in 638.9059 ms
2026-03-23 23:33:36.269 +06:00 [INF] HTTP OPTIONS /api/ct/courses/4a04c797-2999-4459-960e-e5d8d5493d9e/events responded 204 in 0.2696 ms
2026-03-23 23:33:37.926 +06:00 [INF] HTTP GET /api/ct/courses/4a04c797-2999-4459-960e-e5d8d5493d9e/events responded 200 in 1624.9095 ms
2026-03-23 23:40:45.212 +06:00 [INF] HTTP OPTIONS /api/Notifications responded 204 in 52.3812 ms
2026-03-23 23:40:45.880 +06:00 [INF] HTTP GET /api/Notifications responded 200 in 591.5407 ms
2026-03-23 23:40:52.649 +06:00 [INF] HTTP OPTIONS /api/ct/courses/4a04c797-2999-4459-960e-e5d8d5493d9e/events responded 204 in 0.1853 ms
2026-03-23 23:40:53.276 +06:00 [INF] HTTP GET /api/ct/courses/4a04c797-2999-4459-960e-e5d8d5493d9e/events responded 200 in 617.7290 ms
2026-03-23 23:40:59.443 +06:00 [INF] HTTP OPTIONS /api/courses/4a04c797-2999-4459-960e-e5d8d5493d9e/presentations responded 204 in 0.3634 ms
2026-03-23 23:40:59.464 +06:00 [INF] HTTP OPTIONS /api/Courses/4a04c797-2999-4459-960e-e5d8d5493d9e/members responded 204 in 0.1678 ms
2026-03-23 23:40:59.466 +06:00 [INF] HTTP OPTIONS /api/Attendance/courses/4a04c797-2999-4459-960e-e5d8d5493d9e/sessions responded 204 in 0.5721 ms
2026-03-23 23:40:59.830 +06:00 [INF] HTTP GET /api/Courses/4a04c797-2999-4459-960e-e5d8d5493d9e/members responded 200 in 351.9139 ms
2026-03-23 23:41:00.629 +06:00 [INF] HTTP GET /api/courses/4a04c797-2999-4459-960e-e5d8d5493d9e/presentations responded 200 in 1161.5146 ms
2026-03-23 23:41:01.234 +06:00 [INF] HTTP GET /api/Attendance/courses/4a04c797-2999-4459-960e-e5d8d5493d9e/sessions responded 200 in 1746.8957 ms
