2026-04-20 23:18:20.415 +06:00 [INF] HTTP OPTIONS /api/Notifications responded 204 in 3.6930 ms
2026-04-20 23:18:20.415 +06:00 [INF] HTTP OPTIONS /api/Courses responded 204 in 3.8404 ms
2026-04-20 23:18:20.415 +06:00 [INF] HTTP OPTIONS /api/Courses responded 204 in 3.6677 ms
2026-04-20 23:18:20.754 +06:00 [INF] HTTP GET /api/Notifications responded 401 in 230.4836 ms
2026-04-20 23:18:20.754 +06:00 [INF] HTTP GET /api/Courses responded 401 in 230.4627 ms
2026-04-20 23:18:20.754 +06:00 [INF] HTTP GET /api/Courses responded 401 in 230.3199 ms
2026-04-20 23:18:20.773 +06:00 [INF] HTTP OPTIONS /api/auth/refresh responded 204 in 0.1287 ms
2026-04-20 23:18:25.443 +06:00 [INF] HTTP POST /api/auth/refresh responded 200 in 4657.8045 ms
2026-04-20 23:18:50.270 +06:00 [INF] HTTP OPTIONS /api/auth/login responded 204 in 0.5778 ms
2026-04-20 23:18:52.928 +06:00 [INF] HTTP POST /api/auth/login responded 200 in 2651.0562 ms
2026-04-20 23:18:53.662 +06:00 [INF] HTTP OPTIONS /api/Courses responded 204 in 0.0837 ms
2026-04-20 23:18:53.662 +06:00 [INF] HTTP OPTIONS /api/Notifications responded 204 in 0.0810 ms
2026-04-20 23:18:53.663 +06:00 [INF] HTTP OPTIONS /api/Courses responded 204 in 0.0493 ms
2026-04-20 23:18:53.876 +06:00 [INF] HTTP GET /api/Notifications responded 200 in 188.7971 ms
2026-04-20 23:18:54.315 +06:00 [INF] HTTP GET /api/Courses responded 200 in 640.6626 ms
2026-04-20 23:18:54.317 +06:00 [INF] HTTP GET /api/Courses responded 200 in 627.4742 ms
2026-04-20 23:19:15.590 +06:00 [INF] HTTP OPTIONS /api/Courses/fbb48203-6ce7-4115-b8d2-a72a11079c6b responded 204 in 8.9628 ms
2026-04-20 23:19:16.271 +06:00 [INF] HTTP GET /api/Courses/fbb48203-6ce7-4115-b8d2-a72a11079c6b responded 200 in 634.3574 ms
2026-04-20 23:19:16.717 +06:00 [INF] HTTP OPTIONS /api/Announcements/courses/fbb48203-6ce7-4115-b8d2-a72a11079c6b/announcements responded 204 in 0.2915 ms
2026-04-20 23:19:16.720 +06:00 [INF] HTTP OPTIONS /api/Courses/fbb48203-6ce7-4115-b8d2-a72a11079c6b/members responded 204 in 0.9726 ms
2026-04-20 23:19:16.719 +06:00 [INF] HTTP OPTIONS /api/Courses/fbb48203-6ce7-4115-b8d2-a72a11079c6b/join-requests responded 204 in 0.0526 ms
2026-04-20 23:19:17.523 +06:00 [INF] HTTP GET /api/Announcements/courses/fbb48203-6ce7-4115-b8d2-a72a11079c6b/announcements responded 200 in 779.1757 ms
2026-04-20 23:19:17.710 +06:00 [INF] HTTP GET /api/Courses/fbb48203-6ce7-4115-b8d2-a72a11079c6b/members responded 200 in 954.3199 ms
2026-04-20 23:19:17.824 +06:00 [INF] HTTP GET /api/Courses/fbb48203-6ce7-4115-b8d2-a72a11079c6b/join-requests responded 200 in 775.2947 ms
2026-04-20 23:19:21.644 +06:00 [INF] HTTP OPTIONS /api/profile/cb1e1fdb-d34e-4816-8908-436bc28ffdf2 responded 204 in 0.2573 ms
2026-04-20 23:19:21.991 +06:00 [INF] HTTP GET /api/profile/cb1e1fdb-d34e-4816-8908-436bc28ffdf2 responded 200 in 320.5158 ms
2026-04-20 23:19:24.303 +06:00 [INF] HTTP OPTIONS /api/Notifications responded 204 in 0.1097 ms
2026-04-20 23:19:24.322 +06:00 [INF] HTTP GET /api/Notifications responded 200 in 12.7317 ms
