2026-03-11 21:30:18.512 +06:00 [INF] HTTP OPTIONS /api/Courses responded 204 in 6.6980 ms
2026-03-11 21:30:18.512 +06:00 [INF] HTTP OPTIONS /api/Courses responded 204 in 6.7500 ms
2026-03-11 21:30:18.512 +06:00 [INF] HTTP OPTIONS /api/Notifications responded 204 in 6.7122 ms
2026-03-11 21:30:18.851 +06:00 [INF] HTTP GET /api/Courses responded 401 in 204.0223 ms
2026-03-11 21:30:18.851 +06:00 [INF] HTTP GET /api/Notifications responded 401 in 204.0630 ms
2026-03-11 21:30:18.851 +06:00 [INF] HTTP GET /api/Courses responded 401 in 204.0629 ms
2026-03-11 21:30:19.494 +06:00 [INF] HTTP OPTIONS /api/auth/refresh responded 204 in 0.1388 ms
2026-03-11 21:30:25.905 +06:00 [INF] HTTP POST /api/auth/refresh responded 200 in 6307.1196 ms
2026-03-11 21:30:25.965 +06:00 [INF] HTTP OPTIONS /api/Courses responded 204 in 0.1126 ms
2026-03-11 21:30:25.965 +06:00 [INF] HTTP OPTIONS /api/Courses responded 204 in 0.0638 ms
2026-03-11 21:30:25.965 +06:00 [INF] HTTP OPTIONS /api/Notifications responded 204 in 0.0638 ms
2026-03-11 21:30:26.198 +06:00 [INF] HTTP GET /api/Notifications responded 200 in 221.9958 ms
2026-03-11 21:30:26.444 +06:00 [INF] HTTP GET /api/Courses responded 200 in 473.0304 ms
2026-03-11 21:30:26.445 +06:00 [INF] HTTP GET /api/Courses responded 200 in 475.3057 ms
2026-03-11 21:37:28.064 +06:00 [INF] HTTP OPTIONS /api/Courses responded 204 in 20.8095 ms
2026-03-11 21:37:28.064 +06:00 [INF] HTTP OPTIONS /api/Courses responded 204 in 20.7569 ms
2026-03-11 21:37:28.064 +06:00 [INF] HTTP OPTIONS /api/Notifications responded 204 in 20.7183 ms
2026-03-11 21:37:28.600 +06:00 [INF] HTTP GET /api/Notifications responded 200 in 484.3984 ms
2026-03-11 21:37:28.767 +06:00 [INF] HTTP GET /api/Courses responded 200 in 651.0202 ms
2026-03-11 21:37:28.769 +06:00 [INF] HTTP GET /api/Courses responded 200 in 652.8667 ms
2026-03-11 21:38:26.918 +06:00 [INF] HTTP OPTIONS /api/Courses/4a04c797-2999-4459-960e-e5d8d5493d9e responded 204 in 8.7218 ms
2026-03-11 21:38:27.938 +06:00 [INF] HTTP GET /api/Courses/4a04c797-2999-4459-960e-e5d8d5493d9e responded 200 in 941.4540 ms
2026-03-11 21:38:28.324 +06:00 [INF] HTTP OPTIONS /api/Announcements/courses/4a04c797-2999-4459-960e-e5d8d5493d9e/announcements responded 204 in 0.1501 ms
2026-03-11 21:38:28.550 +06:00 [INF] HTTP GET /api/Announcements/courses/4a04c797-2999-4459-960e-e5d8d5493d9e/announcements responded 200 in 217.4877 ms
2026-03-11 21:38:29.098 +06:00 [INF] HTTP OPTIONS /api/Notifications responded 204 in 0.1190 ms
2026-03-11 21:38:29.171 +06:00 [INF] HTTP GET /api/Notifications responded 200 in 38.3853 ms
2026-03-11 21:38:59.738 +06:00 [INF] HTTP OPTIONS /api/Notifications responded 204 in 42.5011 ms
2026-03-11 21:39:00.518 +06:00 [INF] HTTP GET /api/Notifications responded 200 in 704.1623 ms
2026-03-11 21:39:05.467 +06:00 [INF] HTTP OPTIONS /api/Assignments/courses/4a04c797-2999-4459-960e-e5d8d5493d9e/assignments responded 204 in 0.2448 ms
2026-03-11 21:39:06.125 +06:00 [INF] HTTP GET /api/Assignments/courses/4a04c797-2999-4459-960e-e5d8d5493d9e/assignments responded 200 in 644.2012 ms
2026-03-11 21:39:31.898 +06:00 [INF] HTTP OPTIONS /api/Notifications responded 204 in 22.1732 ms
2026-03-11 21:39:33.210 +06:00 [INF] HTTP GET /api/Notifications responded 200 in 1103.5834 ms
2026-03-11 21:40:04.618 +06:00 [INF] HTTP OPTIONS /api/Notifications responded 204 in 50.2667 ms
2026-03-11 21:40:05.746 +06:00 [INF] HTTP GET /api/Notifications responded 200 in 1022.7044 ms
2026-03-11 21:40:16.316 +06:00 [INF] HTTP OPTIONS /api/Assignments/courses/4a04c797-2999-4459-960e-e5d8d5493d9e/assignments responded 204 in 16.4958 ms
2026-03-11 21:40:20.215 +06:00 [INF] HTTP POST /api/Assignments/courses/4a04c797-2999-4459-960e-e5d8d5493d9e/assignments responded 200 in 3756.4949 ms
2026-03-11 21:40:20.445 +06:00 [INF] HTTP GET /api/Assignments/courses/4a04c797-2999-4459-960e-e5d8d5493d9e/assignments responded 200 in 24.1468 ms
2026-03-11 21:40:25.922 +06:00 [INF] HTTP OPTIONS /api/auth/logout responded 204 in 3.4766 ms
2026-03-11 21:40:26.315 +06:00 [INF] HTTP POST /api/auth/logout responded 200 in 356.1391 ms
2026-03-11 21:40:27.927 +06:00 [INF] HTTP POST /api/auth/logout responded 200 in 38.9691 ms
2026-03-11 21:49:07.135 +06:00 [INF] HTTP OPTIONS /api/auth/login responded 204 in 43.3742 ms
2026-03-11 21:49:18.367 +06:00 [INF] HTTP POST /api/auth/login responded 200 in 10752.1487 ms
2026-03-11 21:49:28.214 +06:00 [INF] HTTP OPTIONS /api/Courses responded 204 in 5.5393 ms
2026-03-11 21:49:28.214 +06:00 [INF] HTTP OPTIONS /api/Courses responded 204 in 5.5186 ms
2026-03-11 21:49:28.214 +06:00 [INF] HTTP OPTIONS /api/Notifications responded 204 in 5.5208 ms
2026-03-11 21:49:28.879 +06:00 [INF] HTTP GET /api/Notifications responded 200 in 612.0545 ms
2026-03-11 21:49:29.348 +06:00 [INF] HTTP GET /api/Courses responded 200 in 1080.8508 ms
2026-03-11 21:49:29.354 +06:00 [INF] HTTP GET /api/Courses responded 200 in 1086.9403 ms
2026-03-11 21:49:53.163 +06:00 [INF] HTTP OPTIONS /api/Courses/4a04c797-2999-4459-960e-e5d8d5493d9e responded 204 in 0.2281 ms
2026-03-11 21:49:53.534 +06:00 [INF] HTTP GET /api/Courses/4a04c797-2999-4459-960e-e5d8d5493d9e responded 200 in 359.7406 ms
2026-03-11 21:49:53.676 +06:00 [INF] HTTP OPTIONS /api/Courses/4a04c797-2999-4459-960e-e5d8d5493d9e/members responded 204 in 0.5239 ms
2026-03-11 21:49:53.903 +06:00 [INF] HTTP GET /api/Courses/4a04c797-2999-4459-960e-e5d8d5493d9e/members responded 200 in 210.1036 ms
2026-03-11 21:49:54.111 +06:00 [INF] HTTP OPTIONS /api/Announcements/courses/4a04c797-2999-4459-960e-e5d8d5493d9e/announcements responded 204 in 0.0935 ms
2026-03-11 21:49:54.367 +06:00 [INF] HTTP GET /api/Announcements/courses/4a04c797-2999-4459-960e-e5d8d5493d9e/announcements responded 200 in 245.4913 ms
2026-03-11 21:49:58.252 +06:00 [INF] HTTP OPTIONS /api/Assignments/courses/4a04c797-2999-4459-960e-e5d8d5493d9e/assignments responded 204 in 0.1439 ms
2026-03-11 21:49:58.476 +06:00 [INF] HTTP GET /api/Assignments/courses/4a04c797-2999-4459-960e-e5d8d5493d9e/assignments responded 200 in 210.7336 ms
2026-03-11 21:50:00.554 +06:00 [INF] HTTP OPTIONS /api/Assignments/courses/4a04c797-2999-4459-960e-e5d8d5493d9e/assignments/6bd03b6b-98cc-4e8e-81d4-d16a9e287f28 responded 204 in 0.2550 ms
2026-03-11 21:50:00.554 +06:00 [INF] HTTP OPTIONS /api/Assignments/assignments/6bd03b6b-98cc-4e8e-81d4-d16a9e287f28/submissions responded 204 in 0.2255 ms
2026-03-11 21:50:00.572 +06:00 [INF] HTTP GET /api/Assignments/courses/4a04c797-2999-4459-960e-e5d8d5493d9e/assignments/6bd03b6b-98cc-4e8e-81d4-d16a9e287f28 responded 405 in 2.0838 ms
2026-03-11 21:50:00.587 +06:00 [INF] HTTP GET /api/Assignments/assignments/6bd03b6b-98cc-4e8e-81d4-d16a9e287f28/submissions responded 403 in 13.8856 ms
2026-03-11 21:50:01.869 +06:00 [INF] HTTP GET /api/Assignments/assignments/6bd03b6b-98cc-4e8e-81d4-d16a9e287f28/submissions responded 403 in 0.8422 ms
2026-03-11 21:50:01.868 +06:00 [INF] HTTP GET /api/Assignments/courses/4a04c797-2999-4459-960e-e5d8d5493d9e/assignments/6bd03b6b-98cc-4e8e-81d4-d16a9e287f28 responded 405 in 0.6334 ms
2026-03-11 21:51:02.766 +06:00 [INF] HTTP OPTIONS /api/Courses/4a04c797-2999-4459-960e-e5d8d5493d9e responded 204 in 21.5168 ms
2026-03-11 21:51:02.770 +06:00 [INF] HTTP OPTIONS /api/Notifications responded 204 in 34.9736 ms
2026-03-11 21:51:03.211 +06:00 [INF] HTTP GET /api/Notifications responded 200 in 365.1153 ms
2026-03-11 21:51:03.258 +06:00 [INF] HTTP GET /api/Courses/4a04c797-2999-4459-960e-e5d8d5493d9e responded 200 in 410.9535 ms
2026-03-11 21:51:04.129 +06:00 [INF] HTTP OPTIONS /api/Courses/4a04c797-2999-4459-960e-e5d8d5493d9e/members responded 204 in 0.3887 ms
2026-03-11 21:51:04.289 +06:00 [INF] HTTP GET /api/Courses/4a04c797-2999-4459-960e-e5d8d5493d9e/members responded 200 in 141.0646 ms
2026-03-11 21:51:04.654 +06:00 [INF] HTTP OPTIONS /api/Assignments/courses/4a04c797-2999-4459-960e-e5d8d5493d9e/assignments/6bd03b6b-98cc-4e8e-81d4-d16a9e287f28 responded 204 in 0.1447 ms
2026-03-11 21:51:04.654 +06:00 [INF] HTTP OPTIONS /api/Assignments/assignments/6bd03b6b-98cc-4e8e-81d4-d16a9e287f28/submissions responded 204 in 0.0582 ms
2026-03-11 21:51:04.891 +06:00 [INF] HTTP GET /api/Assignments/assignments/6bd03b6b-98cc-4e8e-81d4-d16a9e287f28/submissions responded 403 in 0.9559 ms
2026-03-11 21:51:04.897 +06:00 [INF] HTTP GET /api/Assignments/courses/4a04c797-2999-4459-960e-e5d8d5493d9e/assignments/6bd03b6b-98cc-4e8e-81d4-d16a9e287f28 responded 405 in 9.3049 ms
2026-03-11 21:51:06.120 +06:00 [INF] HTTP GET /api/Assignments/assignments/6bd03b6b-98cc-4e8e-81d4-d16a9e287f28/submissions responded 403 in 2.0333 ms
2026-03-11 21:51:06.122 +06:00 [INF] HTTP GET /api/Assignments/courses/4a04c797-2999-4459-960e-e5d8d5493d9e/assignments/6bd03b6b-98cc-4e8e-81d4-d16a9e287f28 responded 405 in 1.5225 ms
2026-03-11 21:53:04.769 +06:00 [INF] HTTP OPTIONS /api/Notifications responded 204 in 2.8473 ms
2026-03-11 21:53:06.866 +06:00 [INF] HTTP OPTIONS /api/Courses responded 204 in 0.7405 ms
2026-03-11 21:53:06.866 +06:00 [INF] HTTP OPTIONS /api/Courses responded 204 in 0.7405 ms
2026-03-11 21:53:09.114 +06:00 [INF] HTTP GET /api/Notifications responded 200 in 4223.4275 ms
2026-03-11 21:53:09.773 +06:00 [INF] HTTP GET /api/Courses responded 200 in 2893.5777 ms
2026-03-11 21:53:09.776 +06:00 [INF] HTTP GET /api/Courses responded 200 in 2895.6551 ms
2026-03-11 21:54:01.483 +06:00 [INF] HTTP OPTIONS /api/Announcements/courses/4a04c797-2999-4459-960e-e5d8d5493d9e/announcements responded 204 in 202.0466 ms
2026-03-11 21:54:03.648 +06:00 [INF] HTTP GET /api/Announcements/courses/4a04c797-2999-4459-960e-e5d8d5493d9e/announcements responded 200 in 1858.4021 ms
2026-03-11 21:54:21.229 +06:00 [INF] HTTP OPTIONS /api/Notifications responded 204 in 28.0331 ms
2026-03-11 21:54:21.229 +06:00 [INF] HTTP OPTIONS /api/Courses responded 204 in 28.3423 ms
2026-03-11 21:54:21.229 +06:00 [INF] HTTP OPTIONS /api/Courses responded 204 in 28.3547 ms
2026-03-11 21:54:21.959 +06:00 [INF] HTTP GET /api/Notifications responded 200 in 590.9933 ms
2026-03-11 21:54:22.195 +06:00 [INF] HTTP GET /api/Courses responded 200 in 825.4513 ms
2026-03-11 21:54:22.209 +06:00 [INF] HTTP GET /api/Courses responded 200 in 840.1183 ms
2026-03-11 21:56:11.023 +06:00 [INF] HTTP OPTIONS /api/Courses/4a04c797-2999-4459-960e-e5d8d5493d9e/members responded 204 in 17.6133 ms
2026-03-11 21:56:15.567 +06:00 [INF] HTTP GET /api/Courses/4a04c797-2999-4459-960e-e5d8d5493d9e/members responded 200 in 4359.3041 ms
2026-03-11 21:56:18.661 +06:00 [INF] HTTP OPTIONS /api/courses/4a04c797-2999-4459-960e-e5d8d5493d9e/grading-formula responded 204 in 3.6822 ms
2026-03-11 21:56:18.692 +06:00 [INF] HTTP OPTIONS /api/courses/4a04c797-2999-4459-960e-e5d8d5493d9e/marks responded 204 in 0.3045 ms
2026-03-11 21:56:19.159 +06:00 [INF] HTTP GET /api/courses/4a04c797-2999-4459-960e-e5d8d5493d9e/grading-formula responded 200 in 451.8928 ms
2026-03-11 21:56:19.410 +06:00 [INF] HTTP GET /api/courses/4a04c797-2999-4459-960e-e5d8d5493d9e/marks responded 200 in 703.1029 ms
2026-03-11 21:56:22.218 +06:00 [INF] HTTP OPTIONS /api/Notifications responded 204 in 8.0153 ms
2026-03-11 21:56:22.565 +06:00 [INF] HTTP GET /api/Notifications responded 200 in 253.7742 ms
2026-03-11 21:56:53.432 +06:00 [INF] HTTP OPTIONS /api/Notifications responded 204 in 38.2938 ms
2026-03-11 21:56:54.528 +06:00 [INF] HTTP GET /api/Notifications responded 200 in 924.7556 ms
2026-03-11 21:56:57.138 +06:00 [INF] HTTP OPTIONS /api/Courses responded 204 in 1.1152 ms
2026-03-11 21:56:57.169 +06:00 [INF] HTTP OPTIONS /api/Courses responded 204 in 2.0097 ms
2026-03-11 21:56:59.021 +06:00 [INF] HTTP GET /api/Courses responded 200 in 1838.0763 ms
2026-03-11 21:56:59.021 +06:00 [INF] HTTP GET /api/Courses responded 200 in 1865.1897 ms
2026-03-11 21:57:29.325 +06:00 [INF] HTTP OPTIONS /api/Notifications responded 204 in 61.1911 ms
2026-03-11 21:57:30.436 +06:00 [INF] HTTP GET /api/Notifications responded 200 in 956.8450 ms
2026-03-11 21:58:00.846 +06:00 [INF] HTTP OPTIONS /api/Notifications responded 204 in 2.0044 ms
2026-03-11 21:58:00.917 +06:00 [INF] HTTP GET /api/Notifications responded 200 in 55.1633 ms
2026-03-11 22:02:19.032 +06:00 [INF] HTTP OPTIONS /api/Courses responded 204 in 40.7856 ms
2026-03-11 22:02:19.032 +06:00 [INF] HTTP OPTIONS /api/Courses responded 204 in 4.2019 ms
2026-03-11 22:02:19.032 +06:00 [INF] HTTP OPTIONS /api/Notifications responded 204 in 35.0329 ms
2026-03-11 22:02:19.301 +06:00 [INF] HTTP GET /api/Notifications responded 200 in 222.8752 ms
2026-03-11 22:02:19.565 +06:00 [INF] HTTP GET /api/Courses responded 200 in 486.2806 ms
2026-03-11 22:02:19.589 +06:00 [INF] HTTP GET /api/Courses responded 200 in 510.0621 ms
2026-03-11 22:02:25.739 +06:00 [INF] HTTP OPTIONS /api/Courses/4a04c797-2999-4459-960e-e5d8d5493d9e responded 204 in 0.2052 ms
2026-03-11 22:02:25.945 +06:00 [INF] HTTP GET /api/Courses/4a04c797-2999-4459-960e-e5d8d5493d9e responded 200 in 190.4419 ms
2026-03-11 22:02:26.125 +06:00 [INF] HTTP OPTIONS /api/Courses/4a04c797-2999-4459-960e-e5d8d5493d9e/members responded 204 in 0.0406 ms
2026-03-11 22:02:26.243 +06:00 [INF] HTTP GET /api/Courses/4a04c797-2999-4459-960e-e5d8d5493d9e/members responded 200 in 108.8119 ms
2026-03-11 22:02:26.438 +06:00 [INF] HTTP OPTIONS /api/Announcements/courses/4a04c797-2999-4459-960e-e5d8d5493d9e/announcements responded 204 in 0.0690 ms
2026-03-11 22:02:26.490 +06:00 [INF] HTTP GET /api/Announcements/courses/4a04c797-2999-4459-960e-e5d8d5493d9e/announcements responded 200 in 43.7978 ms
2026-03-11 22:02:29.198 +06:00 [INF] HTTP OPTIONS /api/Assignments/courses/4a04c797-2999-4459-960e-e5d8d5493d9e/assignments responded 204 in 0.1357 ms
2026-03-11 22:02:29.650 +06:00 [INF] HTTP GET /api/Assignments/courses/4a04c797-2999-4459-960e-e5d8d5493d9e/assignments responded 200 in 433.8263 ms
2026-03-11 22:02:37.741 +06:00 [INF] HTTP OPTIONS /api/Assignments/courses/4a04c797-2999-4459-960e-e5d8d5493d9e/assignments responded 204 in 0.1191 ms
2026-03-11 22:02:37.798 +06:00 [INF] HTTP GET /api/Assignments/courses/4a04c797-2999-4459-960e-e5d8d5493d9e/assignments responded 200 in 44.6023 ms
2026-03-11 22:02:50.000 +06:00 [INF] HTTP OPTIONS /api/Notifications responded 204 in 0.1362 ms
2026-03-11 22:02:50.040 +06:00 [INF] HTTP GET /api/Notifications responded 200 in 31.4619 ms
2026-03-11 22:03:09.374 +06:00 [INF] HTTP OPTIONS /api/Assignments/assignments/6bd03b6b-98cc-4e8e-81d4-d16a9e287f28/submit responded 204 in 15.5119 ms
2026-03-11 22:03:20.404 +06:00 [INF] HTTP OPTIONS /api/Notifications responded 204 in 0.2167 ms
2026-03-11 22:03:20.471 +06:00 [INF] HTTP GET /api/Notifications responded 200 in 52.4664 ms
2026-03-11 22:03:21.702 +06:00 [INF] HTTP POST /api/Assignments/assignments/6bd03b6b-98cc-4e8e-81d4-d16a9e287f28/submit responded 200 in 12083.5716 ms
2026-03-11 22:03:21.904 +06:00 [INF] HTTP OPTIONS /api/Assignments/courses/4a04c797-2999-4459-960e-e5d8d5493d9e/assignments responded 204 in 0.0754 ms
2026-03-11 22:03:21.974 +06:00 [INF] HTTP GET /api/Assignments/courses/4a04c797-2999-4459-960e-e5d8d5493d9e/assignments responded 200 in 57.8066 ms
2026-03-11 22:04:56.021 +06:00 [INF] HTTP OPTIONS /api/Notifications responded 204 in 19.1537 ms
2026-03-11 22:04:56.020 +06:00 [INF] HTTP OPTIONS /api/Courses/4a04c797-2999-4459-960e-e5d8d5493d9e responded 204 in 18.1057 ms
2026-03-11 22:04:56.552 +06:00 [INF] HTTP GET /api/Notifications responded 200 in 453.9150 ms
2026-03-11 22:04:56.607 +06:00 [INF] HTTP GET /api/Courses/4a04c797-2999-4459-960e-e5d8d5493d9e responded 200 in 520.5220 ms
2026-03-11 22:04:56.970 +06:00 [INF] HTTP OPTIONS /api/Courses/4a04c797-2999-4459-960e-e5d8d5493d9e/members responded 204 in 0.0910 ms
2026-03-11 22:04:57.256 +06:00 [INF] HTTP GET /api/Courses/4a04c797-2999-4459-960e-e5d8d5493d9e/members responded 200 in 219.1375 ms
2026-03-11 22:04:57.501 +06:00 [INF] HTTP OPTIONS /api/Assignments/courses/4a04c797-2999-4459-960e-e5d8d5493d9e/assignments responded 204 in 0.1109 ms
2026-03-11 22:04:57.565 +06:00 [INF] HTTP GET /api/Assignments/courses/4a04c797-2999-4459-960e-e5d8d5493d9e/assignments responded 200 in 35.4160 ms
2026-03-11 22:05:06.232 +06:00 [INF] HTTP OPTIONS /api/Assignments/courses/4a04c797-2999-4459-960e-e5d8d5493d9e/assignments responded 204 in 0.6618 ms
2026-03-11 22:05:06.374 +06:00 [INF] HTTP GET /api/Assignments/courses/4a04c797-2999-4459-960e-e5d8d5493d9e/assignments responded 200 in 87.5026 ms
2026-03-11 22:06:58.183 +06:00 [INF] HTTP OPTIONS /api/Notifications responded 204 in 95.4133 ms
2026-03-11 22:07:01.667 +06:00 [INF] HTTP GET /api/Notifications responded 200 in 2517.3818 ms
2026-03-11 22:30:55.418 +06:00 [INF] HTTP OPTIONS /api/Notifications responded 204 in 20.3157 ms
2026-03-11 22:30:55.418 +06:00 [INF] HTTP OPTIONS /api/Courses/4a04c797-2999-4459-960e-e5d8d5493d9e responded 204 in 20.2892 ms
2026-03-11 22:30:56.374 +06:00 [INF] HTTP OPTIONS /api/Courses/4a04c797-2999-4459-960e-e5d8d5493d9e/members responded 204 in 0.4134 ms
2026-03-11 22:30:57.046 +06:00 [INF] HTTP GET /api/Courses/4a04c797-2999-4459-960e-e5d8d5493d9e/members responded 200 in 629.8579 ms
2026-03-11 22:30:57.116 +06:00 [INF] HTTP OPTIONS /api/Assignments/courses/4a04c797-2999-4459-960e-e5d8d5493d9e/assignments responded 204 in 0.0364 ms
2026-03-11 22:30:57.152 +06:00 [INF] HTTP GET /api/Assignments/courses/4a04c797-2999-4459-960e-e5d8d5493d9e/assignments responded 200 in 27.9414 ms
2026-03-11 22:31:25.891 +06:00 [INF] HTTP OPTIONS /api/Assignments/assignments/6bd03b6b-98cc-4e8e-81d4-d16a9e287f28/submit responded 204 in 10.8373 ms
2026-03-11 22:31:26.323 +06:00 [INF] HTTP OPTIONS /api/Notifications responded 204 in 0.0280 ms
2026-03-11 22:31:26.363 +06:00 [INF] HTTP GET /api/Notifications responded 200 in 29.3263 ms
2026-03-11 22:31:57.268 +06:00 [INF] HTTP OPTIONS /api/Notifications responded 204 in 33.0847 ms
2026-03-11 22:31:58.028 +06:00 [INF] HTTP GET /api/Notifications responded 200 in 653.2608 ms
2026-03-11 22:32:19.550 +06:00 [INF] HTTP POST /api/Assignments/assignments/6bd03b6b-98cc-4e8e-81d4-d16a9e287f28/submit responded 200 in 53579.4988 ms
2026-03-11 22:32:19.917 +06:00 [INF] HTTP OPTIONS /api/Assignments/courses/4a04c797-2999-4459-960e-e5d8d5493d9e/assignments responded 204 in 1.7794 ms
2026-03-11 22:32:20.107 +06:00 [INF] HTTP GET /api/Assignments/courses/4a04c797-2999-4459-960e-e5d8d5493d9e/assignments responded 200 in 162.8689 ms
2026-03-11 22:32:30.017 +06:00 [INF] HTTP OPTIONS /api/Notifications responded 204 in 4.6598 ms
2026-03-11 22:32:31.221 +06:00 [ERR] An error occurred using the connection to database 'edunexis_db' on server 'localhost'.
2026-03-11 22:32:31.654 +06:00 [ERR] HTTP GET /api/Notifications responded 500 in 1552.4074 ms
System.OperationCanceledException: The operation was canceled.
   at System.Threading.CancellationToken.ThrowOperationCanceledException()
   at System.Threading.CancellationToken.ThrowIfCancellationRequested()
   at MySqlConnector.MySqlConnection.OpenAsync(Nullable`1 ioBehavior, CancellationToken cancellationToken) in /_/src/MySqlConnector/MySqlConnection.cs:line 575
   at Microsoft.EntityFrameworkCore.Storage.RelationalConnection.OpenInternalAsync(Boolean errorsExpected, CancellationToken cancellationToken)
   at Microsoft.EntityFrameworkCore.Storage.RelationalConnection.OpenInternalAsync(Boolean errorsExpected, CancellationToken cancellationToken)
   at Microsoft.EntityFrameworkCore.Storage.RelationalConnection.OpenAsync(CancellationToken cancellationToken, Boolean errorsExpected)
   at Pomelo.EntityFrameworkCore.MySql.Storage.Internal.MySqlRelationalConnection.OpenAsync(CancellationToken cancellationToken, Boolean errorsExpected)
   at Microsoft.EntityFrameworkCore.Storage.RelationalCommand.ExecuteReaderAsync(RelationalCommandParameterObject parameterObject, CancellationToken cancellationToken)
   at Microsoft.EntityFrameworkCore.Query.Internal.SingleQueryingEnumerable`1.AsyncEnumerator.InitializeReaderAsync(AsyncEnumerator enumerator, CancellationToken cancellationToken)
   at Microsoft.EntityFrameworkCore.Storage.ExecutionStrategy.<>c__DisplayClass30_0`2.<<ExecuteAsync>b__0>d.MoveNext()
--- End of stack trace from previous location ---
   at Microsoft.EntityFrameworkCore.Storage.ExecutionStrategy.ExecuteImplementationAsync[TState,TResult](Func`4 operation, Func`4 verifySucceeded, TState state, CancellationToken cancellationToken)
   at Microsoft.EntityFrameworkCore.Storage.ExecutionStrategy.ExecuteImplementationAsync[TState,TResult](Func`4 operation, Func`4 verifySucceeded, TState state, CancellationToken cancellationToken)
   at Microsoft.EntityFrameworkCore.Storage.ExecutionStrategy.ExecuteAsync[TState,TResult](TState state, Func`4 operation, Func`4 verifySucceeded, CancellationToken cancellationToken)
   at Microsoft.EntityFrameworkCore.Query.Internal.SingleQueryingEnumerable`1.AsyncEnumerator.MoveNextAsync()
   at Microsoft.EntityFrameworkCore.EntityFrameworkQueryableExtensions.ToListAsync[TSource](IQueryable`1 source, CancellationToken cancellationToken)
   at Microsoft.EntityFrameworkCore.EntityFrameworkQueryableExtensions.ToListAsync[TSource](IQueryable`1 source, CancellationToken cancellationToken)
   at EduNexis.Infrastructure.Persistence.Repositories.BaseRepository`1.FindAsync(Expression`1 predicate, CancellationToken ct) in D:\Coding\Projects\edunexis-api\src\EduNexis.Infrastructure\Persistence\Repositories\BaseRepository.cs:line 24
   at EduNexis.Application.Features.Notifications.Commands.GetMyNotificationsQueryHandler.Handle(GetMyNotificationsQuery query, CancellationToken ct) in D:\Coding\Projects\edunexis-api\src\EduNexis.Application\Features\Notifications\Commands\SendNotificationCommand.cs:line 44
   at EduNexis.API.Controllers.NotificationsController.GetMine(CancellationToken ct) in D:\Coding\Projects\edunexis-api\src\EduNexis.API\Controllers\NotificationsController.cs:line 12
   at Microsoft.AspNetCore.Mvc.Infrastructure.ActionMethodExecutor.TaskOfIActionResultExecutor.Execute(ActionContext actionContext, IActionResultTypeMapper mapper, ObjectMethodExecutor executor, Object controller, Object[] arguments)
   at Microsoft.AspNetCore.Mvc.Infrastructure.ControllerActionInvoker.<InvokeActionMethodAsync>g__Awaited|12_0(ControllerActionInvoker invoker, ValueTask`1 actionResultValueTask)
   at Microsoft.AspNetCore.Mvc.Infrastructure.ControllerActionInvoker.<InvokeNextActionFilterAsync>g__Awaited|10_0(ControllerActionInvoker invoker, Task lastTask, State next, Scope scope, Object state, Boolean isCompleted)
   at Microsoft.AspNetCore.Mvc.Infrastructure.ControllerActionInvoker.Rethrow(ActionExecutedContextSealed context)
   at Microsoft.AspNetCore.Mvc.Infrastructure.ControllerActionInvoker.Next(State& next, Scope& scope, Object& state, Boolean& isCompleted)
   at Microsoft.AspNetCore.Mvc.Infrastructure.ControllerActionInvoker.InvokeInnerFilterAsync()
--- End of stack trace from previous location ---
   at Microsoft.AspNetCore.Mvc.Infrastructure.ResourceInvoker.<InvokeFilterPipelineAsync>g__Awaited|20_0(ResourceInvoker invoker, Task lastTask, State next, Scope scope, Object state, Boolean isCompleted)
   at Microsoft.AspNetCore.Mvc.Infrastructure.ResourceInvoker.<InvokeAsync>g__Awaited|17_0(ResourceInvoker invoker, Task task, IDisposable scope)
   at Microsoft.AspNetCore.Mvc.Infrastructure.ResourceInvoker.<InvokeAsync>g__Awaited|17_0(ResourceInvoker invoker, Task task, IDisposable scope)
   at Microsoft.AspNetCore.Authorization.AuthorizationMiddleware.Invoke(HttpContext context)
   at Microsoft.AspNetCore.Authentication.AuthenticationMiddleware.Invoke(HttpContext context)
   at Serilog.AspNetCore.RequestLoggingMiddleware.Invoke(HttpContext httpContext)
2026-03-11 22:32:32.391 +06:00 [ERR] Unhandled exception: The operation was canceled.
System.OperationCanceledException: The operation was canceled.
   at System.Threading.CancellationToken.ThrowOperationCanceledException()
   at System.Threading.CancellationToken.ThrowIfCancellationRequested()
   at MySqlConnector.MySqlConnection.OpenAsync(Nullable`1 ioBehavior, CancellationToken cancellationToken) in /_/src/MySqlConnector/MySqlConnection.cs:line 575
   at Microsoft.EntityFrameworkCore.Storage.RelationalConnection.OpenInternalAsync(Boolean errorsExpected, CancellationToken cancellationToken)
   at Microsoft.EntityFrameworkCore.Storage.RelationalConnection.OpenInternalAsync(Boolean errorsExpected, CancellationToken cancellationToken)
   at Microsoft.EntityFrameworkCore.Storage.RelationalConnection.OpenAsync(CancellationToken cancellationToken, Boolean errorsExpected)
   at Pomelo.EntityFrameworkCore.MySql.Storage.Internal.MySqlRelationalConnection.OpenAsync(CancellationToken cancellationToken, Boolean errorsExpected)
   at Microsoft.EntityFrameworkCore.Storage.RelationalCommand.ExecuteReaderAsync(RelationalCommandParameterObject parameterObject, CancellationToken cancellationToken)
   at Microsoft.EntityFrameworkCore.Query.Internal.SingleQueryingEnumerable`1.AsyncEnumerator.InitializeReaderAsync(AsyncEnumerator enumerator, CancellationToken cancellationToken)
   at Microsoft.EntityFrameworkCore.Storage.ExecutionStrategy.<>c__DisplayClass30_0`2.<<ExecuteAsync>b__0>d.MoveNext()
--- End of stack trace from previous location ---
   at Microsoft.EntityFrameworkCore.Storage.ExecutionStrategy.ExecuteImplementationAsync[TState,TResult](Func`4 operation, Func`4 verifySucceeded, TState state, CancellationToken cancellationToken)
   at Microsoft.EntityFrameworkCore.Storage.ExecutionStrategy.ExecuteImplementationAsync[TState,TResult](Func`4 operation, Func`4 verifySucceeded, TState state, CancellationToken cancellationToken)
   at Microsoft.EntityFrameworkCore.Storage.ExecutionStrategy.ExecuteAsync[TState,TResult](TState state, Func`4 operation, Func`4 verifySucceeded, CancellationToken cancellationToken)
   at Microsoft.EntityFrameworkCore.Query.Internal.SingleQueryingEnumerable`1.AsyncEnumerator.MoveNextAsync()
   at Microsoft.EntityFrameworkCore.EntityFrameworkQueryableExtensions.ToListAsync[TSource](IQueryable`1 source, CancellationToken cancellationToken)
   at Microsoft.EntityFrameworkCore.EntityFrameworkQueryableExtensions.ToListAsync[TSource](IQueryable`1 source, CancellationToken cancellationToken)
   at EduNexis.Infrastructure.Persistence.Repositories.BaseRepository`1.FindAsync(Expression`1 predicate, CancellationToken ct) in D:\Coding\Projects\edunexis-api\src\EduNexis.Infrastructure\Persistence\Repositories\BaseRepository.cs:line 24
   at EduNexis.Application.Features.Notifications.Commands.GetMyNotificationsQueryHandler.Handle(GetMyNotificationsQuery query, CancellationToken ct) in D:\Coding\Projects\edunexis-api\src\EduNexis.Application\Features\Notifications\Commands\SendNotificationCommand.cs:line 44
   at EduNexis.API.Controllers.NotificationsController.GetMine(CancellationToken ct) in D:\Coding\Projects\edunexis-api\src\EduNexis.API\Controllers\NotificationsController.cs:line 12
   at Microsoft.AspNetCore.Mvc.Infrastructure.ActionMethodExecutor.TaskOfIActionResultExecutor.Execute(ActionContext actionContext, IActionResultTypeMapper mapper, ObjectMethodExecutor executor, Object controller, Object[] arguments)
   at Microsoft.AspNetCore.Mvc.Infrastructure.ControllerActionInvoker.<InvokeActionMethodAsync>g__Awaited|12_0(ControllerActionInvoker invoker, ValueTask`1 actionResultValueTask)
   at Microsoft.AspNetCore.Mvc.Infrastructure.ControllerActionInvoker.<InvokeNextActionFilterAsync>g__Awaited|10_0(ControllerActionInvoker invoker, Task lastTask, State next, Scope scope, Object state, Boolean isCompleted)
   at Microsoft.AspNetCore.Mvc.Infrastructure.ControllerActionInvoker.Rethrow(ActionExecutedContextSealed context)
   at Microsoft.AspNetCore.Mvc.Infrastructure.ControllerActionInvoker.Next(State& next, Scope& scope, Object& state, Boolean& isCompleted)
   at Microsoft.AspNetCore.Mvc.Infrastructure.ControllerActionInvoker.InvokeInnerFilterAsync()
--- End of stack trace from previous location ---
   at Microsoft.AspNetCore.Mvc.Infrastructure.ResourceInvoker.<InvokeFilterPipelineAsync>g__Awaited|20_0(ResourceInvoker invoker, Task lastTask, State next, Scope scope, Object state, Boolean isCompleted)
   at Microsoft.AspNetCore.Mvc.Infrastructure.ResourceInvoker.<InvokeAsync>g__Awaited|17_0(ResourceInvoker invoker, Task task, IDisposable scope)
   at Microsoft.AspNetCore.Mvc.Infrastructure.ResourceInvoker.<InvokeAsync>g__Awaited|17_0(ResourceInvoker invoker, Task task, IDisposable scope)
   at Microsoft.AspNetCore.Authorization.AuthorizationMiddleware.Invoke(HttpContext context)
   at Microsoft.AspNetCore.Authentication.AuthenticationMiddleware.Invoke(HttpContext context)
   at Serilog.AspNetCore.RequestLoggingMiddleware.Invoke(HttpContext httpContext)
   at Swashbuckle.AspNetCore.SwaggerUI.SwaggerUIMiddleware.Invoke(HttpContext httpContext)
   at Swashbuckle.AspNetCore.Swagger.SwaggerMiddleware.Invoke(HttpContext httpContext, ISwaggerProvider swaggerProvider)
   at EduNexis.API.Middleware.ExceptionMiddleware.InvokeAsync(HttpContext context) in D:\Coding\Projects\edunexis-api\src\EduNexis.API\Middleware\ExceptionMiddleware.cs:line 15
2026-03-11 22:33:09.845 +06:00 [INF] HTTP OPTIONS /api/Notifications responded 204 in 2.2408 ms
2026-03-11 22:33:09.858 +06:00 [INF] HTTP OPTIONS /api/Courses/4a04c797-2999-4459-960e-e5d8d5493d9e responded 204 in 0.0440 ms
2026-03-11 22:33:10.038 +06:00 [INF] HTTP GET /api/Notifications responded 200 in 167.4015 ms
2026-03-11 22:33:10.156 +06:00 [INF] HTTP GET /api/Courses/4a04c797-2999-4459-960e-e5d8d5493d9e responded 200 in 280.8173 ms
2026-03-11 22:33:10.668 +06:00 [INF] HTTP OPTIONS /api/Courses/4a04c797-2999-4459-960e-e5d8d5493d9e/members responded 204 in 0.0197 ms
2026-03-11 22:33:10.745 +06:00 [INF] HTTP GET /api/Courses/4a04c797-2999-4459-960e-e5d8d5493d9e/members responded 200 in 71.7557 ms
2026-03-11 22:33:10.888 +06:00 [INF] HTTP OPTIONS /api/Assignments/courses/4a04c797-2999-4459-960e-e5d8d5493d9e/assignments responded 204 in 0.3552 ms
2026-03-11 22:33:10.919 +06:00 [INF] HTTP GET /api/Assignments/courses/4a04c797-2999-4459-960e-e5d8d5493d9e/assignments responded 200 in 25.6913 ms
2026-03-11 22:36:16.450 +06:00 [INF] HTTP OPTIONS /api/auth/login responded 204 in 8.4031 ms
2026-03-11 22:36:20.025 +06:00 [INF] HTTP POST /api/auth/login responded 200 in 3528.2417 ms
2026-03-11 22:36:23.661 +06:00 [INF] HTTP OPTIONS /api/Notifications responded 204 in 0.0651 ms
2026-03-11 22:36:23.675 +06:00 [INF] HTTP OPTIONS /api/Courses responded 204 in 0.0317 ms
2026-03-11 22:36:23.675 +06:00 [INF] HTTP OPTIONS /api/Courses responded 204 in 0.0259 ms
2026-03-11 22:36:23.715 +06:00 [INF] HTTP GET /api/Notifications responded 200 in 28.3838 ms
2026-03-11 22:36:23.989 +06:00 [INF] HTTP GET /api/Courses responded 200 in 306.8491 ms
2026-03-11 22:36:24.006 +06:00 [INF] HTTP GET /api/Courses responded 200 in 322.0819 ms
2026-03-11 22:36:50.171 +06:00 [INF] HTTP OPTIONS /api/Courses/4a04c797-2999-4459-960e-e5d8d5493d9e responded 204 in 0.0475 ms
2026-03-11 22:36:50.254 +06:00 [INF] HTTP GET /api/Courses/4a04c797-2999-4459-960e-e5d8d5493d9e responded 200 in 77.4560 ms
2026-03-11 22:36:50.390 +06:00 [INF] HTTP OPTIONS /api/Courses/4a04c797-2999-4459-960e-e5d8d5493d9e/members responded 204 in 0.0301 ms
2026-03-11 22:36:50.444 +06:00 [INF] HTTP GET /api/Courses/4a04c797-2999-4459-960e-e5d8d5493d9e/members responded 200 in 47.3854 ms
2026-03-11 22:36:50.724 +06:00 [INF] HTTP OPTIONS /api/Announcements/courses/4a04c797-2999-4459-960e-e5d8d5493d9e/announcements responded 204 in 0.0287 ms
2026-03-11 22:36:50.752 +06:00 [INF] HTTP GET /api/Announcements/courses/4a04c797-2999-4459-960e-e5d8d5493d9e/announcements responded 200 in 22.1377 ms
2026-03-11 22:36:53.892 +06:00 [INF] HTTP OPTIONS /api/Notifications responded 204 in 0.0630 ms
2026-03-11 22:36:53.909 +06:00 [INF] HTTP GET /api/Notifications responded 200 in 7.7325 ms
2026-03-11 22:36:54.282 +06:00 [INF] HTTP OPTIONS /api/Assignments/courses/4a04c797-2999-4459-960e-e5d8d5493d9e/assignments responded 204 in 0.0234 ms
2026-03-11 22:36:54.315 +06:00 [INF] HTTP GET /api/Assignments/courses/4a04c797-2999-4459-960e-e5d8d5493d9e/assignments responded 200 in 12.8253 ms
2026-03-11 22:36:55.838 +06:00 [INF] HTTP GET /api/Assignments/courses/4a04c797-2999-4459-960e-e5d8d5493d9e/assignments responded 200 in 6.6240 ms
2026-03-11 22:37:12.470 +06:00 [INF] HTTP OPTIONS /api/Notifications responded 204 in 0.2326 ms
2026-03-11 22:37:12.503 +06:00 [INF] HTTP OPTIONS /api/Courses/4a04c797-2999-4459-960e-e5d8d5493d9e responded 204 in 0.2268 ms
2026-03-11 22:37:12.569 +06:00 [INF] HTTP GET /api/Notifications responded 200 in 35.6546 ms
2026-03-11 22:37:12.757 +06:00 [INF] HTTP GET /api/Courses/4a04c797-2999-4459-960e-e5d8d5493d9e responded 200 in 106.1350 ms
2026-03-11 22:37:12.915 +06:00 [INF] HTTP OPTIONS /api/Courses/4a04c797-2999-4459-960e-e5d8d5493d9e/members responded 204 in 0.0391 ms
2026-03-11 22:37:13.157 +06:00 [INF] HTTP GET /api/Courses/4a04c797-2999-4459-960e-e5d8d5493d9e/members responded 200 in 235.9146 ms
2026-03-11 22:37:14.023 +06:00 [INF] HTTP OPTIONS /api/Assignments/courses/4a04c797-2999-4459-960e-e5d8d5493d9e/assignments responded 204 in 0.0442 ms
2026-03-11 22:37:14.052 +06:00 [INF] HTTP GET /api/Assignments/courses/4a04c797-2999-4459-960e-e5d8d5493d9e/assignments responded 200 in 15.8893 ms
2026-03-11 22:37:42.862 +06:00 [INF] HTTP OPTIONS /api/Notifications responded 204 in 0.0662 ms
2026-03-11 22:37:42.876 +06:00 [INF] HTTP GET /api/Notifications responded 200 in 6.9873 ms
2026-03-11 22:39:01.532 +06:00 [INF] HTTP OPTIONS /api/Notifications responded 204 in 5.0358 ms
2026-03-11 22:39:01.571 +06:00 [INF] HTTP OPTIONS /api/Assignments/assignments/6bd03b6b-98cc-4e8e-81d4-d16a9e287f28/my-submission responded 204 in 0.7149 ms
2026-03-11 22:39:01.601 +06:00 [INF] HTTP GET /api/Assignments/assignments/6bd03b6b-98cc-4e8e-81d4-d16a9e287f28/my-submission responded 404 in 21.1011 ms
2026-03-11 22:39:01.694 +06:00 [INF] HTTP GET /api/Notifications responded 200 in 145.7527 ms
2026-03-11 22:39:10.465 +06:00 [INF] HTTP OPTIONS /api/Notifications responded 204 in 0.1559 ms
2026-03-11 22:39:10.465 +06:00 [INF] HTTP OPTIONS /api/Courses/4a04c797-2999-4459-960e-e5d8d5493d9e responded 204 in 0.1379 ms
2026-03-11 22:39:10.501 +06:00 [INF] HTTP GET /api/Notifications responded 200 in 29.8983 ms
2026-03-11 22:39:10.615 +06:00 [INF] HTTP GET /api/Courses/4a04c797-2999-4459-960e-e5d8d5493d9e responded 200 in 135.4938 ms
2026-03-11 22:39:10.773 +06:00 [INF] HTTP OPTIONS /api/Courses/4a04c797-2999-4459-960e-e5d8d5493d9e/members responded 204 in 0.2180 ms
2026-03-11 22:39:10.885 +06:00 [INF] HTTP GET /api/Courses/4a04c797-2999-4459-960e-e5d8d5493d9e/members responded 200 in 99.0675 ms
2026-03-11 22:39:11.490 +06:00 [INF] HTTP OPTIONS /api/Assignments/assignments/6bd03b6b-98cc-4e8e-81d4-d16a9e287f28/my-submission responded 204 in 0.0299 ms
2026-03-11 22:39:11.491 +06:00 [INF] HTTP OPTIONS /api/Assignments/courses/4a04c797-2999-4459-960e-e5d8d5493d9e/assignments responded 204 in 0.0256 ms
2026-03-11 22:39:11.499 +06:00 [INF] HTTP GET /api/Assignments/assignments/6bd03b6b-98cc-4e8e-81d4-d16a9e287f28/my-submission responded 404 in 3.8784 ms
2026-03-11 22:39:11.519 +06:00 [INF] HTTP GET /api/Assignments/courses/4a04c797-2999-4459-960e-e5d8d5493d9e/assignments responded 200 in 20.8863 ms
2026-03-11 22:43:11.154 +06:00 [INF] HTTP OPTIONS /api/Notifications responded 204 in 6.0343 ms
2026-03-11 22:43:11.502 +06:00 [INF] HTTP GET /api/Notifications responded 200 in 310.3333 ms
2026-03-11 22:43:21.513 +06:00 [INF] HTTP OPTIONS /api/Notifications responded 204 in 0.0687 ms
2026-03-11 22:43:21.629 +06:00 [INF] HTTP OPTIONS /api/Courses/4a04c797-2999-4459-960e-e5d8d5493d9e responded 204 in 0.0391 ms
2026-03-11 22:43:22.046 +06:00 [INF] HTTP GET /api/Notifications responded 200 in 131.0197 ms
2026-03-11 22:43:22.257 +06:00 [INF] HTTP GET /api/Courses/4a04c797-2999-4459-960e-e5d8d5493d9e responded 200 in 178.7034 ms
2026-03-11 22:43:23.075 +06:00 [INF] HTTP OPTIONS /api/Courses/4a04c797-2999-4459-960e-e5d8d5493d9e/members responded 204 in 0.1589 ms
2026-03-11 22:43:23.241 +06:00 [INF] HTTP GET /api/Courses/4a04c797-2999-4459-960e-e5d8d5493d9e/members responded 200 in 156.8152 ms
2026-03-11 22:43:23.774 +06:00 [INF] HTTP OPTIONS /api/Assignments/courses/4a04c797-2999-4459-960e-e5d8d5493d9e/assignments responded 204 in 0.0551 ms
2026-03-11 22:43:24.234 +06:00 [INF] HTTP GET /api/Assignments/courses/4a04c797-2999-4459-960e-e5d8d5493d9e/assignments responded 200 in 200.8566 ms
