2026-03-25 10:48:52.857 +06:00 [INF] HTTP OPTIONS /api/Courses responded 204 in 4.9672 ms
2026-03-25 10:48:52.857 +06:00 [INF] HTTP OPTIONS /api/Notifications responded 204 in 4.9555 ms
2026-03-25 10:48:52.857 +06:00 [INF] HTTP OPTIONS /api/Courses responded 204 in 4.9401 ms
2026-03-25 10:48:53.310 +06:00 [INF] HTTP GET /api/Courses responded 401 in 269.3879 ms
2026-03-25 10:48:53.310 +06:00 [INF] HTTP GET /api/Courses responded 401 in 269.3962 ms
2026-03-25 10:48:53.310 +06:00 [INF] HTTP GET /api/Notifications responded 401 in 269.4003 ms
2026-03-25 10:48:53.818 +06:00 [INF] HTTP OPTIONS /api/auth/refresh responded 204 in 0.2989 ms
2026-03-25 10:49:04.212 +06:00 [INF] HTTP POST /api/auth/refresh responded 200 in 10372.6118 ms
2026-03-25 10:49:05.964 +06:00 [INF] HTTP OPTIONS /api/Courses responded 204 in 0.2818 ms
2026-03-25 10:49:05.964 +06:00 [INF] HTTP OPTIONS /api/Notifications responded 204 in 0.2802 ms
2026-03-25 10:49:05.964 +06:00 [INF] HTTP OPTIONS /api/Courses responded 204 in 0.5288 ms
2026-03-25 10:49:06.529 +06:00 [INF] HTTP GET /api/Notifications responded 200 in 533.7455 ms
2026-03-25 10:49:07.742 +06:00 [INF] HTTP GET /api/Courses responded 200 in 1745.5474 ms
2026-03-25 10:49:07.757 +06:00 [INF] HTTP GET /api/Courses responded 200 in 1771.9211 ms
2026-03-25 10:49:20.570 +06:00 [INF] HTTP OPTIONS /api/Courses responded 204 in 0.3789 ms
2026-03-25 10:49:20.570 +06:00 [INF] HTTP OPTIONS /api/Courses responded 204 in 0.1275 ms
2026-03-25 10:49:20.577 +06:00 [INF] HTTP OPTIONS /api/Notifications responded 204 in 0.1821 ms
2026-03-25 10:49:21.207 +06:00 [INF] HTTP GET /api/Courses responded 200 in 537.0831 ms
2026-03-25 10:49:21.233 +06:00 [INF] HTTP GET /api/Courses responded 200 in 606.1709 ms
2026-03-25 10:49:21.329 +06:00 [INF] HTTP GET /api/Notifications responded 200 in 43.2934 ms
2026-03-25 10:49:53.152 +06:00 [INF] HTTP OPTIONS /api/Notifications responded 204 in 67.5370 ms
2026-03-25 10:49:54.933 +06:00 [INF] HTTP GET /api/Notifications responded 200 in 1533.5811 ms
2026-03-25 10:50:23.465 +06:00 [INF] HTTP OPTIONS /api/Courses responded 204 in 46.0730 ms
2026-03-25 10:50:26.070 +06:00 [INF] HTTP POST /api/Courses responded 200 in 2506.5032 ms
2026-03-25 10:50:42.670 +06:00 [INF] HTTP OPTIONS /api/Courses/fbb48203-6ce7-4115-b8d2-a72a11079c6b responded 204 in 48.5699 ms
2026-03-25 10:50:44.928 +06:00 [INF] HTTP GET /api/Courses/fbb48203-6ce7-4115-b8d2-a72a11079c6b responded 200 in 2036.9324 ms
2026-03-25 10:50:45.376 +06:00 [INF] HTTP OPTIONS /api/Announcements/courses/fbb48203-6ce7-4115-b8d2-a72a11079c6b/announcements responded 204 in 0.1232 ms
2026-03-25 10:50:45.380 +06:00 [INF] HTTP OPTIONS /api/Courses/fbb48203-6ce7-4115-b8d2-a72a11079c6b/join-requests responded 204 in 0.0932 ms
2026-03-25 10:50:45.380 +06:00 [INF] HTTP OPTIONS /api/Courses/fbb48203-6ce7-4115-b8d2-a72a11079c6b/members responded 204 in 0.0848 ms
2026-03-25 10:50:45.648 +06:00 [INF] HTTP GET /api/Announcements/courses/fbb48203-6ce7-4115-b8d2-a72a11079c6b/announcements responded 200 in 259.3071 ms
2026-03-25 10:50:45.721 +06:00 [INF] HTTP GET /api/Courses/fbb48203-6ce7-4115-b8d2-a72a11079c6b/join-requests responded 200 in 323.6710 ms
2026-03-25 10:50:45.760 +06:00 [INF] HTTP GET /api/Courses/fbb48203-6ce7-4115-b8d2-a72a11079c6b/members responded 200 in 363.1207 ms
2026-03-25 10:52:25.543 +06:00 [INF] HTTP OPTIONS /api/Notifications responded 204 in 41.8105 ms
2026-03-25 10:52:26.270 +06:00 [INF] HTTP GET /api/Notifications responded 200 in 633.2262 ms
2026-03-25 10:52:33.307 +06:00 [INF] HTTP OPTIONS /api/Courses responded 204 in 0.2674 ms
2026-03-25 10:52:33.324 +06:00 [INF] HTTP OPTIONS /api/Courses responded 204 in 1.9431 ms
2026-03-25 10:52:34.481 +06:00 [INF] HTTP GET /api/Courses responded 200 in 1150.5551 ms
2026-03-25 10:52:34.484 +06:00 [INF] HTTP GET /api/Courses responded 200 in 1145.2166 ms
2026-03-25 10:52:43.599 +06:00 [INF] HTTP OPTIONS /api/Courses/90d7ab00-c743-4253-8d9f-e69759d0be36 responded 204 in 4.8632 ms
2026-03-25 10:52:44.488 +06:00 [INF] HTTP GET /api/Courses/90d7ab00-c743-4253-8d9f-e69759d0be36 responded 200 in 809.0615 ms
2026-03-25 10:52:44.852 +06:00 [INF] HTTP OPTIONS /api/Announcements/courses/90d7ab00-c743-4253-8d9f-e69759d0be36/announcements responded 204 in 0.0785 ms
2026-03-25 10:52:44.852 +06:00 [INF] HTTP OPTIONS /api/Courses/90d7ab00-c743-4253-8d9f-e69759d0be36/members responded 204 in 0.0373 ms
2026-03-25 10:52:44.853 +06:00 [INF] HTTP OPTIONS /api/Courses/90d7ab00-c743-4253-8d9f-e69759d0be36/join-requests responded 204 in 0.6834 ms
2026-03-25 10:52:45.053 +06:00 [INF] HTTP GET /api/Courses/90d7ab00-c743-4253-8d9f-e69759d0be36/join-requests responded 200 in 175.9919 ms
2026-03-25 10:52:45.106 +06:00 [INF] HTTP GET /api/Courses/90d7ab00-c743-4253-8d9f-e69759d0be36/members responded 200 in 231.8169 ms
2026-03-25 10:52:45.151 +06:00 [INF] HTTP GET /api/Announcements/courses/90d7ab00-c743-4253-8d9f-e69759d0be36/announcements responded 200 in 283.5617 ms
2026-03-25 10:52:57.052 +06:00 [INF] HTTP OPTIONS /api/Notifications responded 204 in 8.9177 ms
2026-03-25 10:52:57.633 +06:00 [INF] HTTP GET /api/Notifications responded 200 in 461.8376 ms
2026-03-25 10:54:00.996 +06:00 [INF] HTTP OPTIONS /api/Courses responded 204 in 2.7633 ms
2026-03-25 10:54:00.996 +06:00 [INF] HTTP OPTIONS /api/Notifications responded 204 in 1.9596 ms
2026-03-25 10:54:00.996 +06:00 [INF] HTTP OPTIONS /api/Courses responded 204 in 2.1893 ms
2026-03-25 10:54:01.215 +06:00 [INF] HTTP GET /api/Notifications responded 200 in 192.1249 ms
2026-03-25 10:54:01.299 +06:00 [INF] HTTP GET /api/Courses responded 200 in 275.4516 ms
2026-03-25 10:54:01.378 +06:00 [INF] HTTP GET /api/Courses responded 200 in 354.7711 ms
2026-03-25 10:54:31.572 +06:00 [INF] HTTP OPTIONS /api/Notifications responded 204 in 0.0895 ms
2026-03-25 10:54:31.596 +06:00 [INF] HTTP GET /api/Notifications responded 200 in 14.6649 ms
2026-03-25 10:54:35.501 +06:00 [INF] HTTP OPTIONS /api/Courses/90d7ab00-c743-4253-8d9f-e69759d0be36 responded 204 in 0.0573 ms
2026-03-25 10:54:35.644 +06:00 [INF] HTTP GET /api/Courses/90d7ab00-c743-4253-8d9f-e69759d0be36 responded 200 in 128.0233 ms
2026-03-25 10:54:35.816 +06:00 [INF] HTTP OPTIONS /api/Announcements/courses/90d7ab00-c743-4253-8d9f-e69759d0be36/announcements responded 204 in 0.0701 ms
2026-03-25 10:54:35.816 +06:00 [INF] HTTP OPTIONS /api/Courses/90d7ab00-c743-4253-8d9f-e69759d0be36/join-requests responded 204 in 0.0086 ms
2026-03-25 10:54:35.817 +06:00 [INF] HTTP OPTIONS /api/Courses/90d7ab00-c743-4253-8d9f-e69759d0be36/members responded 204 in 0.0433 ms
2026-03-25 10:54:35.880 +06:00 [INF] HTTP GET /api/Announcements/courses/90d7ab00-c743-4253-8d9f-e69759d0be36/announcements responded 200 in 57.6008 ms
2026-03-25 10:54:35.900 +06:00 [INF] HTTP GET /api/Courses/90d7ab00-c743-4253-8d9f-e69759d0be36/join-requests responded 200 in 75.7921 ms
2026-03-25 10:54:35.916 +06:00 [INF] HTTP GET /api/Courses/90d7ab00-c743-4253-8d9f-e69759d0be36/members responded 200 in 90.3203 ms
2026-03-25 10:55:01.873 +06:00 [INF] HTTP OPTIONS /api/auth/login responded 204 in 0.2261 ms
2026-03-25 10:55:04.206 +06:00 [INF] HTTP POST /api/auth/login responded 200 in 2320.6524 ms
2026-03-25 10:55:04.712 +06:00 [INF] HTTP OPTIONS /api/Notifications responded 204 in 0.0433 ms
2026-03-25 10:55:04.712 +06:00 [INF] HTTP OPTIONS /api/Courses responded 204 in 0.1002 ms
2026-03-25 10:55:04.712 +06:00 [INF] HTTP OPTIONS /api/Courses responded 204 in 0.0390 ms
2026-03-25 10:55:04.821 +06:00 [INF] HTTP GET /api/Courses responded 200 in 92.6718 ms
2026-03-25 10:55:04.848 +06:00 [INF] HTTP GET /api/Notifications responded 200 in 123.6911 ms
2026-03-25 10:55:04.927 +06:00 [INF] HTTP GET /api/Courses responded 200 in 196.8268 ms
2026-03-25 10:55:17.317 +06:00 [INF] HTTP OPTIONS /api/Courses/join responded 204 in 0.1289 ms
2026-03-25 10:55:17.345 +06:00 [INF] HTTP GET /api/Courses/join responded 404 in 2.9582 ms
2026-03-25 10:55:23.740 +06:00 [INF] HTTP OPTIONS /api/Notifications responded 204 in 0.1778 ms
2026-03-25 10:55:23.766 +06:00 [INF] HTTP GET /api/Notifications responded 200 in 21.3286 ms
2026-03-25 10:55:52.539 +06:00 [INF] HTTP OPTIONS /api/Notifications responded 204 in 0.0552 ms
2026-03-25 10:55:52.556 +06:00 [INF] HTTP GET /api/Notifications responded 200 in 8.4498 ms
2026-03-25 10:56:00.510 +06:00 [INF] HTTP OPTIONS /api/Notifications responded 204 in 0.0580 ms
2026-03-25 10:56:00.510 +06:00 [INF] HTTP OPTIONS /api/Courses responded 204 in 0.0265 ms
2026-03-25 10:56:00.510 +06:00 [INF] HTTP OPTIONS /api/Courses responded 204 in 0.0160 ms
2026-03-25 10:56:00.518 +06:00 [INF] HTTP GET /api/Notifications responded 200 in 4.0053 ms
2026-03-25 10:56:00.565 +06:00 [INF] HTTP GET /api/Courses responded 200 in 50.1602 ms
2026-03-25 10:56:00.580 +06:00 [INF] HTTP GET /api/Courses responded 200 in 62.9149 ms
2026-03-25 10:56:43.202 +06:00 [INF] HTTP OPTIONS /api/Courses/join responded 204 in 0.0720 ms
2026-03-25 10:56:43.209 +06:00 [INF] HTTP GET /api/Courses/join responded 404 in 0.8806 ms
2026-03-25 10:56:46.626 +06:00 [INF] HTTP OPTIONS /api/Notifications responded 204 in 0.0688 ms
2026-03-25 10:56:46.653 +06:00 [INF] HTTP GET /api/Notifications responded 200 in 12.2625 ms
2026-03-25 10:58:16.756 +06:00 [INF] HTTP OPTIONS /api/Notifications responded 204 in 0.3466 ms
2026-03-25 10:58:16.787 +06:00 [INF] HTTP GET /api/Notifications responded 200 in 19.8450 ms
2026-03-25 10:59:46.947 +06:00 [INF] HTTP OPTIONS /api/Notifications responded 204 in 3.2015 ms
2026-03-25 10:59:47.425 +06:00 [INF] HTTP GET /api/Notifications responded 200 in 452.7321 ms
2026-03-25 11:00:17.745 +06:00 [INF] HTTP OPTIONS /api/Notifications responded 204 in 6.3901 ms
2026-03-25 11:00:18.263 +06:00 [INF] HTTP GET /api/Notifications responded 200 in 433.7119 ms
2026-03-25 11:01:28.565 +06:00 [INF] HTTP OPTIONS /api/Notifications responded 204 in 7.0037 ms
2026-03-25 11:01:28.993 +06:00 [INF] HTTP GET /api/Notifications responded 200 in 347.5064 ms
2026-03-25 11:01:47.378 +06:00 [INF] HTTP OPTIONS /api/Courses responded 204 in 2.3338 ms
2026-03-25 11:01:47.378 +06:00 [INF] HTTP OPTIONS /api/Courses responded 204 in 2.3338 ms
2026-03-25 11:01:47.378 +06:00 [INF] HTTP OPTIONS /api/Notifications responded 204 in 2.3335 ms
2026-03-25 11:01:47.951 +06:00 [INF] HTTP GET /api/Notifications responded 401 in 548.8629 ms
2026-03-25 11:01:47.951 +06:00 [INF] HTTP GET /api/Courses responded 401 in 554.0831 ms
2026-03-25 11:01:47.955 +06:00 [INF] HTTP GET /api/Courses responded 401 in 553.4678 ms
2026-03-25 11:01:48.031 +06:00 [INF] HTTP OPTIONS /api/auth/refresh responded 204 in 0.0668 ms
2026-03-25 11:01:48.710 +06:00 [INF] HTTP POST /api/auth/refresh responded 200 in 651.3554 ms
2026-03-25 11:02:25.465 +06:00 [INF] HTTP OPTIONS /api/auth/login responded 204 in 0.1192 ms
2026-03-25 11:02:27.289 +06:00 [INF] HTTP POST /api/auth/login responded 200 in 925.1542 ms
2026-03-25 11:02:29.860 +06:00 [INF] HTTP OPTIONS /api/Courses responded 204 in 0.2602 ms
2026-03-25 11:02:29.860 +06:00 [INF] HTTP OPTIONS /api/Notifications responded 204 in 0.2597 ms
2026-03-25 11:02:29.942 +06:00 [INF] HTTP OPTIONS /api/Courses responded 204 in 0.1754 ms
2026-03-25 11:02:30.967 +06:00 [INF] HTTP GET /api/Notifications responded 200 in 572.5208 ms
2026-03-25 11:02:31.349 +06:00 [INF] HTTP GET /api/Courses responded 200 in 1286.0772 ms
2026-03-25 11:02:31.779 +06:00 [INF] HTTP GET /api/Courses responded 200 in 579.6601 ms
2026-03-25 11:02:40.816 +06:00 [INF] HTTP OPTIONS /api/Courses/90d7ab00-c743-4253-8d9f-e69759d0be36 responded 204 in 0.0778 ms
2026-03-25 11:02:41.256 +06:00 [INF] HTTP GET /api/Courses/90d7ab00-c743-4253-8d9f-e69759d0be36 responded 200 in 211.0915 ms
2026-03-25 11:02:41.581 +06:00 [INF] HTTP OPTIONS /api/Announcements/courses/90d7ab00-c743-4253-8d9f-e69759d0be36/announcements responded 204 in 0.0468 ms
2026-03-25 11:02:41.581 +06:00 [INF] HTTP OPTIONS /api/Courses/90d7ab00-c743-4253-8d9f-e69759d0be36/members responded 204 in 0.6247 ms
2026-03-25 11:02:41.582 +06:00 [INF] HTTP OPTIONS /api/Courses/90d7ab00-c743-4253-8d9f-e69759d0be36/join-requests responded 204 in 0.0190 ms
2026-03-25 11:02:41.996 +06:00 [INF] HTTP GET /api/Announcements/courses/90d7ab00-c743-4253-8d9f-e69759d0be36/announcements responded 200 in 406.1477 ms
2026-03-25 11:02:42.526 +06:00 [INF] HTTP GET /api/Courses/90d7ab00-c743-4253-8d9f-e69759d0be36/members responded 200 in 917.4379 ms
2026-03-25 11:02:43.477 +06:00 [INF] HTTP GET /api/Courses/90d7ab00-c743-4253-8d9f-e69759d0be36/join-requests responded 200 in 1828.2537 ms
2026-03-25 11:02:59.655 +06:00 [INF] HTTP OPTIONS /api/Notifications responded 204 in 7.9988 ms
2026-03-25 11:03:00.124 +06:00 [INF] HTTP GET /api/Notifications responded 200 in 331.2044 ms
2026-03-25 11:03:02.311 +06:00 [INF] HTTP OPTIONS /api/Notifications responded 204 in 0.2724 ms
2026-03-25 11:03:02.467 +06:00 [INF] HTTP GET /api/Notifications responded 200 in 86.5314 ms
2026-03-25 11:11:44.963 +06:00 [INF] HTTP OPTIONS /api/Courses responded 204 in 4.4475 ms
2026-03-25 11:11:44.963 +06:00 [INF] HTTP OPTIONS /api/Courses responded 204 in 4.4677 ms
2026-03-25 11:11:51.520 +06:00 [INF] HTTP GET /api/Courses responded 200 in 6400.5209 ms
2026-03-25 11:11:51.520 +06:00 [INF] HTTP GET /api/Courses responded 200 in 6400.4560 ms
2026-03-25 11:12:06.909 +06:00 [INF] HTTP OPTIONS /api/Notifications responded 204 in 25.9427 ms
2026-03-25 11:12:08.476 +06:00 [INF] HTTP GET /api/Notifications responded 200 in 1459.4824 ms
