2026-03-17 00:01:13.899 +06:00 [INF] HTTP OPTIONS /api/Notifications responded 204 in 4.8137 ms
2026-03-17 00:01:14.569 +06:00 [INF] HTTP GET /api/Notifications responded 200 in 392.8476 ms
2026-03-17 00:01:34.674 +06:00 [INF] HTTP OPTIONS /api/Notifications responded 204 in 1.6580 ms
2026-03-17 00:01:34.683 +06:00 [INF] HTTP OPTIONS /api/Courses responded 204 in 0.0290 ms
2026-03-17 00:01:34.683 +06:00 [INF] HTTP OPTIONS /api/Courses responded 204 in 0.0317 ms
2026-03-17 00:01:34.820 +06:00 [INF] HTTP GET /api/Notifications responded 200 in 131.5707 ms
2026-03-17 00:01:34.985 +06:00 [INF] HTTP GET /api/Courses responded 200 in 291.6138 ms
2026-03-17 00:01:34.995 +06:00 [INF] HTTP GET /api/Courses responded 200 in 306.3626 ms
2026-03-17 00:02:19.927 +06:00 [INF] HTTP OPTIONS /api/Notifications responded 204 in 0.0373 ms
2026-03-17 00:02:19.943 +06:00 [INF] HTTP GET /api/Notifications responded 200 in 8.0171 ms
2026-03-17 00:07:53.978 +06:00 [INF] HTTP OPTIONS /api/Courses responded 204 in 3.0683 ms
2026-03-17 00:07:54.241 +06:00 [INF] HTTP GET /api/Courses responded 200 in 242.0745 ms
2026-03-17 00:07:58.538 +06:00 [INF] HTTP OPTIONS /api/Notifications responded 204 in 0.0638 ms
2026-03-17 00:07:58.574 +06:00 [INF] HTTP GET /api/Notifications responded 200 in 25.7710 ms
2026-03-17 00:08:12.750 +06:00 [INF] HTTP OPTIONS /api/Notifications responded 204 in 0.0683 ms
2026-03-17 00:08:12.753 +06:00 [INF] HTTP OPTIONS /api/Courses responded 204 in 0.0349 ms
2026-03-17 00:08:12.766 +06:00 [INF] HTTP GET /api/Notifications responded 200 in 8.1516 ms
2026-03-17 00:08:12.855 +06:00 [INF] HTTP GET /api/Courses responded 200 in 95.5615 ms
2026-03-17 00:08:24.233 +06:00 [INF] HTTP OPTIONS /api/Notifications responded 204 in 0.0671 ms
2026-03-17 00:08:24.234 +06:00 [INF] HTTP OPTIONS /api/Courses responded 204 in 0.0321 ms
2026-03-17 00:08:24.248 +06:00 [INF] HTTP GET /api/Notifications responded 200 in 8.7457 ms
2026-03-17 00:08:24.334 +06:00 [INF] HTTP GET /api/Courses responded 200 in 90.3203 ms
2026-03-17 00:09:08.344 +06:00 [INF] HTTP OPTIONS /api/Courses responded 204 in 1.3680 ms
2026-03-17 00:09:08.344 +06:00 [INF] HTTP OPTIONS /api/Notifications responded 204 in 1.3635 ms
2026-03-17 00:09:08.463 +06:00 [INF] HTTP GET /api/Notifications responded 200 in 92.1539 ms
2026-03-17 00:09:08.580 +06:00 [INF] HTTP GET /api/Courses responded 200 in 215.7457 ms
2026-03-17 00:11:46.683 +06:00 [INF] HTTP OPTIONS /api/Notifications responded 204 in 2.0390 ms
2026-03-17 00:11:46.683 +06:00 [INF] HTTP OPTIONS /api/Courses responded 204 in 2.0372 ms
2026-03-17 00:11:46.930 +06:00 [INF] HTTP GET /api/Notifications responded 200 in 214.5168 ms
2026-03-17 00:11:47.036 +06:00 [INF] HTTP GET /api/Courses responded 200 in 320.5880 ms
2026-03-17 00:12:02.090 +06:00 [INF] HTTP OPTIONS /api/Courses responded 204 in 0.0651 ms
2026-03-17 00:12:02.173 +06:00 [INF] HTTP GET /api/Courses responded 200 in 78.2175 ms
2026-03-17 00:17:04.953 +06:00 [INF] HTTP OPTIONS /api/Courses responded 204 in 3.3118 ms
2026-03-17 00:17:05.210 +06:00 [INF] HTTP GET /api/Courses responded 200 in 231.9658 ms
2026-03-17 00:17:16.905 +06:00 [INF] HTTP OPTIONS /api/Notifications responded 204 in 0.1441 ms
2026-03-17 00:17:16.963 +06:00 [INF] HTTP GET /api/Notifications responded 200 in 31.9702 ms
2026-03-17 00:18:07.731 +06:00 [INF] HTTP OPTIONS /api/Notifications responded 204 in 3.0036 ms
2026-03-17 00:18:07.731 +06:00 [INF] HTTP OPTIONS /api/Courses responded 204 in 3.0687 ms
2026-03-17 00:18:07.934 +06:00 [INF] HTTP GET /api/Notifications responded 200 in 165.2319 ms
2026-03-17 00:18:08.180 +06:00 [INF] HTTP GET /api/Courses responded 200 in 408.7534 ms
2026-03-17 00:18:13.398 +06:00 [INF] HTTP OPTIONS /api/Courses responded 204 in 0.0519 ms
2026-03-17 00:18:13.462 +06:00 [INF] HTTP GET /api/Courses responded 200 in 59.3533 ms
2026-03-17 00:18:16.975 +06:00 [INF] HTTP OPTIONS /api/profile responded 204 in 0.0969 ms
2026-03-17 00:18:16.976 +06:00 [INF] HTTP OPTIONS /api/profile/cb1e1fdb-d34e-4816-8908-436bc28ffdf2 responded 204 in 0.0181 ms
2026-03-17 00:18:17.048 +06:00 [INF] HTTP GET /api/profile responded 200 in 60.5611 ms
2026-03-17 00:18:17.081 +06:00 [INF] HTTP GET /api/profile/cb1e1fdb-d34e-4816-8908-436bc28ffdf2 responded 200 in 82.7603 ms
2026-03-17 00:21:28.098 +06:00 [INF] HTTP OPTIONS /api/Notifications responded 204 in 2.1831 ms
2026-03-17 00:21:28.278 +06:00 [INF] HTTP GET /api/Notifications responded 200 in 161.7328 ms
2026-03-17 00:21:43.384 +06:00 [INF] HTTP OPTIONS /api/Courses responded 204 in 0.0543 ms
2026-03-17 00:21:43.388 +06:00 [INF] HTTP OPTIONS /api/Courses responded 204 in 0.3425 ms
2026-03-17 00:21:43.541 +06:00 [INF] HTTP GET /api/Courses responded 200 in 147.5715 ms
2026-03-17 00:21:43.573 +06:00 [INF] HTTP GET /api/Courses responded 200 in 174.6091 ms
2026-03-17 00:21:45.312 +06:00 [INF] HTTP OPTIONS /api/Notifications responded 204 in 0.0487 ms
2026-03-17 00:21:45.344 +06:00 [INF] HTTP GET /api/Notifications responded 200 in 25.9312 ms
2026-03-17 00:22:01.104 +06:00 [INF] HTTP OPTIONS /api/Notifications responded 204 in 0.3801 ms
2026-03-17 00:22:01.124 +06:00 [INF] HTTP GET /api/Notifications responded 200 in 14.5836 ms
2026-03-17 00:22:02.610 +06:00 [INF] HTTP OPTIONS /api/profile responded 204 in 0.0184 ms
2026-03-17 00:22:02.612 +06:00 [INF] HTTP OPTIONS /api/profile/cb1e1fdb-d34e-4816-8908-436bc28ffdf2 responded 204 in 0.0224 ms
2026-03-17 00:22:02.620 +06:00 [INF] HTTP GET /api/Notifications responded 200 in 9.7812 ms
2026-03-17 00:22:02.646 +06:00 [INF] HTTP GET /api/profile responded 200 in 27.0778 ms
2026-03-17 00:22:02.675 +06:00 [INF] HTTP GET /api/profile/cb1e1fdb-d34e-4816-8908-436bc28ffdf2 responded 200 in 48.2223 ms
2026-03-17 00:22:09.721 +06:00 [INF] HTTP OPTIONS /api/Courses responded 204 in 0.0494 ms
2026-03-17 00:22:09.789 +06:00 [INF] HTTP GET /api/Courses responded 200 in 59.3317 ms
2026-03-17 00:22:15.007 +06:00 [INF] HTTP OPTIONS /api/Courses responded 204 in 0.0433 ms
2026-03-17 00:22:15.067 +06:00 [INF] HTTP GET /api/Courses responded 200 in 51.3962 ms
2026-03-17 00:22:33.178 +06:00 [INF] HTTP OPTIONS /api/Notifications responded 204 in 0.2743 ms
2026-03-17 00:22:33.242 +06:00 [INF] HTTP GET /api/Notifications responded 200 in 49.3879 ms
2026-03-17 00:24:33.988 +06:00 [INF] HTTP OPTIONS /api/Notifications responded 204 in 7.5192 ms
2026-03-17 00:24:34.322 +06:00 [INF] HTTP GET /api/Notifications responded 200 in 290.1455 ms
2026-03-17 00:25:04.627 +06:00 [INF] HTTP OPTIONS /api/Notifications responded 204 in 5.7783 ms
2026-03-17 00:25:04.917 +06:00 [INF] HTTP GET /api/Notifications responded 200 in 255.9989 ms
2026-03-17 00:25:46.388 +06:00 [INF] HTTP OPTIONS /api/Notifications responded 204 in 6.9087 ms
2026-03-17 00:25:46.394 +06:00 [INF] HTTP OPTIONS /api/Courses responded 204 in 0.0802 ms
2026-03-17 00:25:46.629 +06:00 [INF] HTTP GET /api/Notifications responded 200 in 196.1595 ms
2026-03-17 00:25:46.981 +06:00 [INF] HTTP GET /api/Courses responded 200 in 544.2155 ms
2026-03-17 00:28:17.031 +06:00 [INF] HTTP OPTIONS /api/Notifications responded 204 in 1.6598 ms
2026-03-17 00:28:17.145 +06:00 [INF] HTTP GET /api/Notifications responded 200 in 95.2884 ms
2026-03-17 00:28:59.175 +06:00 [INF] HTTP OPTIONS /api/Notifications responded 204 in 0.9827 ms
2026-03-17 00:28:59.219 +06:00 [INF] HTTP GET /api/Notifications responded 200 in 36.6729 ms
2026-03-17 00:29:01.393 +06:00 [INF] HTTP OPTIONS /api/Courses responded 204 in 0.0590 ms
2026-03-17 00:29:01.408 +06:00 [INF] HTTP OPTIONS /api/Courses responded 204 in 0.0238 ms
2026-03-17 00:29:01.611 +06:00 [INF] HTTP GET /api/Courses responded 200 in 203.7238 ms
2026-03-17 00:29:01.631 +06:00 [INF] HTTP GET /api/Courses responded 200 in 205.3724 ms
2026-03-17 00:35:31.334 +06:00 [INF] HTTP OPTIONS /api/Notifications responded 204 in 7.4166 ms
2026-03-17 00:35:31.810 +06:00 [INF] HTTP GET /api/Notifications responded 200 in 447.0351 ms
2026-03-17 00:36:02.515 +06:00 [INF] HTTP OPTIONS /api/Courses responded 204 in 1.2769 ms
2026-03-17 00:36:02.515 +06:00 [INF] HTTP OPTIONS /api/Notifications responded 204 in 1.2769 ms
2026-03-17 00:36:02.696 +06:00 [INF] HTTP GET /api/Notifications responded 200 in 144.9239 ms
2026-03-17 00:36:02.958 +06:00 [INF] HTTP GET /api/Courses responded 200 in 409.7153 ms
2026-03-17 00:36:07.649 +06:00 [INF] HTTP OPTIONS /api/Courses responded 204 in 0.5346 ms
2026-03-17 00:36:07.741 +06:00 [INF] HTTP GET /api/Courses responded 200 in 86.6495 ms
2026-03-17 00:36:23.126 +06:00 [INF] HTTP OPTIONS /api/Notifications responded 204 in 0.1170 ms
2026-03-17 00:36:23.231 +06:00 [INF] HTTP GET /api/Notifications responded 200 in 35.5696 ms
2026-03-17 00:36:26.120 +06:00 [INF] HTTP OPTIONS /api/profile responded 204 in 0.0591 ms
2026-03-17 00:36:26.124 +06:00 [INF] HTTP OPTIONS /api/profile/cb1e1fdb-d34e-4816-8908-436bc28ffdf2 responded 204 in 0.1939 ms
2026-03-17 00:36:26.175 +06:00 [INF] HTTP GET /api/profile responded 200 in 34.8400 ms
2026-03-17 00:36:26.244 +06:00 [INF] HTTP GET /api/profile/cb1e1fdb-d34e-4816-8908-436bc28ffdf2 responded 200 in 93.7333 ms
2026-03-17 00:36:47.073 +06:00 [INF] HTTP OPTIONS /api/profile responded 204 in 1.4161 ms
2026-03-17 00:36:47.075 +06:00 [INF] HTTP OPTIONS /api/Notifications responded 204 in 0.1017 ms
2026-03-17 00:36:47.118 +06:00 [INF] HTTP OPTIONS /api/profile/cb1e1fdb-d34e-4816-8908-436bc28ffdf2 responded 204 in 0.0308 ms
2026-03-17 00:36:47.191 +06:00 [INF] HTTP GET /api/profile responded 200 in 73.1432 ms
2026-03-17 00:36:47.210 +06:00 [INF] HTTP GET /api/profile/cb1e1fdb-d34e-4816-8908-436bc28ffdf2 responded 200 in 83.0043 ms
2026-03-17 00:36:47.218 +06:00 [INF] HTTP GET /api/Notifications responded 200 in 96.9802 ms
2026-03-17 00:37:06.129 +06:00 [INF] HTTP OPTIONS /api/Notifications responded 204 in 1.5242 ms
2026-03-17 00:37:06.129 +06:00 [INF] HTTP OPTIONS /api/Courses responded 204 in 1.5214 ms
2026-03-17 00:37:06.275 +06:00 [INF] HTTP GET /api/Notifications responded 200 in 126.2287 ms
2026-03-17 00:37:06.420 +06:00 [INF] HTTP GET /api/Courses responded 200 in 271.1655 ms
2026-03-17 00:37:08.118 +06:00 [INF] HTTP OPTIONS /api/profile responded 204 in 0.0425 ms
2026-03-17 00:37:08.118 +06:00 [INF] HTTP OPTIONS /api/profile/cb1e1fdb-d34e-4816-8908-436bc28ffdf2 responded 204 in 0.0182 ms
2026-03-17 00:37:08.128 +06:00 [INF] HTTP GET /api/profile responded 200 in 4.4061 ms
2026-03-17 00:37:08.152 +06:00 [INF] HTTP GET /api/profile/cb1e1fdb-d34e-4816-8908-436bc28ffdf2 responded 200 in 23.6499 ms
2026-03-17 00:42:06.523 +06:00 [INF] HTTP OPTIONS /api/Notifications responded 204 in 6.3729 ms
2026-03-17 00:42:06.801 +06:00 [INF] HTTP GET /api/Notifications responded 401 in 247.8915 ms
2026-03-17 00:42:06.828 +06:00 [INF] HTTP OPTIONS /api/auth/refresh responded 204 in 0.0327 ms
2026-03-17 00:42:08.167 +06:00 [INF] HTTP POST /api/auth/refresh responded 200 in 1324.3223 ms
2026-03-17 00:42:08.344 +06:00 [INF] HTTP GET /api/Notifications responded 200 in 25.9083 ms
2026-03-17 01:23:26.994 +06:00 [INF] HTTP OPTIONS /api/auth/login responded 204 in 11.4465 ms
2026-03-17 01:23:39.435 +06:00 [INF] HTTP POST /api/auth/login responded 200 in 12137.1955 ms
2026-03-17 01:23:40.183 +06:00 [INF] HTTP OPTIONS /api/Courses responded 204 in 2.4416 ms
2026-03-17 01:23:40.183 +06:00 [INF] HTTP OPTIONS /api/Notifications responded 204 in 2.4414 ms
2026-03-17 01:23:40.665 +06:00 [INF] HTTP GET /api/Notifications responded 200 in 458.3024 ms
2026-03-17 01:23:41.222 +06:00 [INF] HTTP GET /api/Courses responded 200 in 1015.4194 ms
2026-03-17 01:24:11.351 +06:00 [INF] HTTP OPTIONS /api/Notifications responded 204 in 13.9180 ms
2026-03-17 01:24:11.768 +06:00 [INF] HTTP GET /api/Notifications responded 200 in 355.4108 ms
2026-03-17 01:24:42.200 +06:00 [INF] HTTP OPTIONS /api/Notifications responded 204 in 14.3334 ms
2026-03-17 01:24:42.754 +06:00 [INF] HTTP GET /api/Notifications responded 200 in 418.5868 ms
2026-03-17 01:25:11.766 +06:00 [INF] HTTP OPTIONS /api/Courses responded 204 in 25.1007 ms
2026-03-17 01:25:11.766 +06:00 [INF] HTTP OPTIONS /api/Courses responded 204 in 26.5921 ms
2026-03-17 01:25:13.444 +06:00 [INF] HTTP OPTIONS /api/Notifications responded 204 in 0.4688 ms
2026-03-17 01:25:13.545 +06:00 [INF] HTTP GET /api/Notifications responded 200 in 86.4468 ms
2026-03-17 01:25:13.957 +06:00 [INF] HTTP GET /api/Courses responded 200 in 2125.3100 ms
2026-03-17 01:25:13.982 +06:00 [INF] HTTP GET /api/Courses responded 200 in 2150.0595 ms
