2026-04-21 07:27:40.481 +06:00 [INF] HTTP OPTIONS /api/Notifications responded 204 in 5.1682 ms
2026-04-21 07:27:40.481 +06:00 [INF] HTTP OPTIONS /api/Courses responded 204 in 5.1003 ms
2026-04-21 07:27:40.481 +06:00 [INF] HTTP OPTIONS /api/Courses responded 204 in 5.1183 ms
2026-04-21 07:27:41.248 +06:00 [INF] HTTP GET /api/Notifications responded 401 in 662.6485 ms
2026-04-21 07:27:41.248 +06:00 [INF] HTTP GET /api/Courses responded 401 in 662.6258 ms
2026-04-21 07:27:41.248 +06:00 [INF] HTTP GET /api/Courses responded 401 in 662.6258 ms
2026-04-21 07:27:41.314 +06:00 [INF] HTTP OPTIONS /api/auth/refresh responded 204 in 0.2609 ms
2026-04-21 07:27:46.228 +06:00 [INF] HTTP POST /api/auth/refresh responded 200 in 4905.9191 ms
2026-04-21 07:27:46.314 +06:00 [INF] HTTP OPTIONS /api/Notifications responded 204 in 0.1890 ms
2026-04-21 07:27:46.315 +06:00 [INF] HTTP OPTIONS /api/Courses responded 204 in 0.1638 ms
2026-04-21 07:27:46.315 +06:00 [INF] HTTP OPTIONS /api/Courses responded 204 in 0.0492 ms
2026-04-21 07:27:46.574 +06:00 [INF] HTTP GET /api/Notifications responded 200 in 249.6782 ms
2026-04-21 07:27:46.927 +06:00 [INF] HTTP GET /api/Courses responded 200 in 595.7351 ms
2026-04-21 07:27:46.929 +06:00 [INF] HTTP GET /api/Courses responded 200 in 565.4453 ms
2026-04-21 07:29:37.981 +06:00 [INF] HTTP OPTIONS /api/Courses responded 204 in 0.2979 ms
2026-04-21 07:29:37.981 +06:00 [INF] HTTP OPTIONS /api/Courses responded 204 in 0.2979 ms
2026-04-21 07:29:38.065 +06:00 [INF] HTTP GET /api/Courses responded 200 in 73.2083 ms
2026-04-21 07:29:38.139 +06:00 [INF] HTTP GET /api/Courses responded 200 in 150.5718 ms
2026-04-21 07:29:44.829 +06:00 [INF] HTTP OPTIONS /api/Courses/fbb48203-6ce7-4115-b8d2-a72a11079c6b responded 204 in 0.5588 ms
2026-04-21 07:29:45.103 +06:00 [INF] HTTP GET /api/Courses/fbb48203-6ce7-4115-b8d2-a72a11079c6b responded 200 in 263.6421 ms
2026-04-21 07:29:45.371 +06:00 [INF] HTTP OPTIONS /api/Courses/fbb48203-6ce7-4115-b8d2-a72a11079c6b/members responded 204 in 0.1016 ms
2026-04-21 07:29:45.372 +06:00 [INF] HTTP OPTIONS /api/Announcements/courses/fbb48203-6ce7-4115-b8d2-a72a11079c6b/announcements responded 204 in 0.1280 ms
2026-04-21 07:29:45.375 +06:00 [INF] HTTP OPTIONS /api/Courses/fbb48203-6ce7-4115-b8d2-a72a11079c6b/join-requests responded 204 in 0.0907 ms
2026-04-21 07:29:45.446 +06:00 [INF] HTTP GET /api/Announcements/courses/fbb48203-6ce7-4115-b8d2-a72a11079c6b/announcements responded 200 in 65.4610 ms
2026-04-21 07:29:45.593 +06:00 [INF] HTTP GET /api/Courses/fbb48203-6ce7-4115-b8d2-a72a11079c6b/join-requests responded 200 in 209.9033 ms
2026-04-21 07:29:45.599 +06:00 [INF] HTTP GET /api/Courses/fbb48203-6ce7-4115-b8d2-a72a11079c6b/members responded 200 in 219.7599 ms
2026-04-21 07:29:46.725 +06:00 [INF] HTTP OPTIONS /api/Notifications responded 204 in 0.1166 ms
2026-04-21 07:29:46.757 +06:00 [INF] HTTP GET /api/Notifications responded 200 in 12.3442 ms
2026-04-21 07:29:50.973 +06:00 [INF] HTTP OPTIONS /api/Courses/fbb48203-6ce7-4115-b8d2-a72a11079c6b/members responded 204 in 0.2940 ms
2026-04-21 07:29:50.973 +06:00 [INF] HTTP OPTIONS /api/Attendance/courses/fbb48203-6ce7-4115-b8d2-a72a11079c6b/sessions responded 204 in 0.2708 ms
2026-04-21 07:29:50.973 +06:00 [INF] HTTP OPTIONS /api/Attendance/courses/fbb48203-6ce7-4115-b8d2-a72a11079c6b/sessions responded 204 in 0.2939 ms
2026-04-21 07:29:51.093 +06:00 [INF] HTTP GET /api/Courses/fbb48203-6ce7-4115-b8d2-a72a11079c6b/members responded 200 in 110.2100 ms
2026-04-21 07:29:51.118 +06:00 [INF] HTTP GET /api/Attendance/courses/fbb48203-6ce7-4115-b8d2-a72a11079c6b/sessions responded 200 in 132.1562 ms
2026-04-21 07:29:51.135 +06:00 [INF] HTTP GET /api/Attendance/courses/fbb48203-6ce7-4115-b8d2-a72a11079c6b/sessions responded 200 in 14.6823 ms
2026-04-21 07:29:53.860 +06:00 [INF] HTTP OPTIONS /api/Materials/courses/fbb48203-6ce7-4115-b8d2-a72a11079c6b/materials responded 204 in 0.1709 ms
2026-04-21 07:29:54.381 +06:00 [INF] HTTP GET /api/Materials/courses/fbb48203-6ce7-4115-b8d2-a72a11079c6b/materials responded 200 in 498.1137 ms
2026-04-21 07:29:56.189 +06:00 [INF] HTTP OPTIONS /api/Assignments/courses/fbb48203-6ce7-4115-b8d2-a72a11079c6b/assignments responded 204 in 0.1834 ms
2026-04-21 07:29:56.297 +06:00 [INF] HTTP GET /api/Assignments/courses/fbb48203-6ce7-4115-b8d2-a72a11079c6b/assignments responded 200 in 96.6037 ms
2026-04-21 07:29:57.812 +06:00 [INF] HTTP OPTIONS /api/ct/courses/fbb48203-6ce7-4115-b8d2-a72a11079c6b/events responded 204 in 0.1541 ms
2026-04-21 07:29:58.034 +06:00 [INF] HTTP GET /api/ct/courses/fbb48203-6ce7-4115-b8d2-a72a11079c6b/events responded 200 in 205.8277 ms
2026-04-21 07:30:00.984 +06:00 [INF] HTTP OPTIONS /api/courses/fbb48203-6ce7-4115-b8d2-a72a11079c6b/presentations responded 204 in 0.2836 ms
2026-04-21 07:30:01.192 +06:00 [INF] HTTP GET /api/courses/fbb48203-6ce7-4115-b8d2-a72a11079c6b/presentations responded 200 in 193.1741 ms
2026-04-21 07:30:04.156 +06:00 [INF] HTTP OPTIONS /api/courses/fbb48203-6ce7-4115-b8d2-a72a11079c6b/grading-formula responded 204 in 1.3673 ms
2026-04-21 07:30:04.154 +06:00 [INF] HTTP OPTIONS /api/courses/fbb48203-6ce7-4115-b8d2-a72a11079c6b/marks responded 204 in 9.1245 ms
2026-04-21 07:30:04.363 +06:00 [INF] HTTP GET /api/courses/fbb48203-6ce7-4115-b8d2-a72a11079c6b/grading-formula responded 200 in 118.0411 ms
2026-04-21 07:30:04.428 +06:00 [INF] HTTP GET /api/courses/fbb48203-6ce7-4115-b8d2-a72a11079c6b/marks responded 200 in 181.3692 ms
2026-04-21 07:30:08.198 +06:00 [INF] HTTP OPTIONS /api/profile/cb1e1fdb-d34e-4816-8908-436bc28ffdf2 responded 204 in 0.1488 ms
2026-04-21 07:30:08.435 +06:00 [INF] HTTP GET /api/profile/cb1e1fdb-d34e-4816-8908-436bc28ffdf2 responded 200 in 224.3495 ms
2026-04-21 07:30:16.963 +06:00 [INF] HTTP OPTIONS /api/Announcements/courses/fbb48203-6ce7-4115-b8d2-a72a11079c6b/announcements responded 204 in 0.2494 ms
2026-04-21 07:30:17.274 +06:00 [INF] HTTP OPTIONS /api/Notifications responded 204 in 0.0825 ms
2026-04-21 07:30:17.292 +06:00 [INF] HTTP GET /api/Notifications responded 200 in 10.5696 ms
2026-04-21 07:30:17.932 +06:00 [INF] HTTP POST /api/Announcements/courses/fbb48203-6ce7-4115-b8d2-a72a11079c6b/announcements responded 200 in 945.4114 ms
2026-04-21 07:30:18.074 +06:00 [INF] HTTP GET /api/Announcements/courses/fbb48203-6ce7-4115-b8d2-a72a11079c6b/announcements responded 200 in 25.4294 ms
2026-04-21 07:30:44.067 +06:00 [INF] HTTP OPTIONS /api/Courses/fbb48203-6ce7-4115-b8d2-a72a11079c6b responded 204 in 0.3953 ms
2026-04-21 07:30:44.069 +06:00 [INF] HTTP OPTIONS /api/Notifications responded 204 in 1.5413 ms
2026-04-21 07:30:44.111 +06:00 [INF] HTTP GET /api/Notifications responded 200 in 20.6950 ms
2026-04-21 07:30:44.180 +06:00 [INF] HTTP GET /api/Courses/fbb48203-6ce7-4115-b8d2-a72a11079c6b responded 200 in 100.6459 ms
2026-04-21 07:30:44.466 +06:00 [INF] HTTP OPTIONS /api/Announcements/courses/fbb48203-6ce7-4115-b8d2-a72a11079c6b/announcements responded 204 in 0.0619 ms
2026-04-21 07:30:44.466 +06:00 [INF] HTTP OPTIONS /api/Courses/fbb48203-6ce7-4115-b8d2-a72a11079c6b/members responded 204 in 0.0320 ms
2026-04-21 07:30:44.466 +06:00 [INF] HTTP OPTIONS /api/Courses/fbb48203-6ce7-4115-b8d2-a72a11079c6b/join-requests responded 204 in 0.0413 ms
2026-04-21 07:30:44.538 +06:00 [INF] HTTP GET /api/Courses/fbb48203-6ce7-4115-b8d2-a72a11079c6b/members responded 200 in 57.3077 ms
2026-04-21 07:30:44.547 +06:00 [INF] HTTP GET /api/Announcements/courses/fbb48203-6ce7-4115-b8d2-a72a11079c6b/announcements responded 200 in 66.0327 ms
2026-04-21 07:30:44.552 +06:00 [INF] HTTP GET /api/Courses/fbb48203-6ce7-4115-b8d2-a72a11079c6b/join-requests responded 200 in 62.9670 ms
2026-04-21 07:35:36.571 +06:00 [INF] HTTP OPTIONS /api/Announcements/courses/fbb48203-6ce7-4115-b8d2-a72a11079c6b/announcements responded 204 in 11.5060 ms
2026-04-21 07:35:43.820 +06:00 [INF] HTTP POST /api/Announcements/courses/fbb48203-6ce7-4115-b8d2-a72a11079c6b/announcements responded 200 in 6894.9898 ms
2026-04-21 07:35:43.957 +06:00 [INF] HTTP OPTIONS /api/Announcements/courses/fbb48203-6ce7-4115-b8d2-a72a11079c6b/announcements responded 204 in 1.1423 ms
2026-04-21 07:35:44.250 +06:00 [INF] HTTP GET /api/Announcements/courses/fbb48203-6ce7-4115-b8d2-a72a11079c6b/announcements responded 200 in 254.8882 ms
2026-04-21 07:35:51.527 +06:00 [INF] HTTP OPTIONS /api/Announcements/courses/fbb48203-6ce7-4115-b8d2-a72a11079c6b/announcements/67027ab9-b5d2-4df1-a0c0-532ed261377c/pin responded 204 in 1.7495 ms
2026-04-21 07:35:52.135 +06:00 [INF] HTTP PATCH /api/Announcements/courses/fbb48203-6ce7-4115-b8d2-a72a11079c6b/announcements/67027ab9-b5d2-4df1-a0c0-532ed261377c/pin responded 200 in 598.2935 ms
2026-04-21 07:35:52.211 +06:00 [INF] HTTP OPTIONS /api/Announcements/courses/fbb48203-6ce7-4115-b8d2-a72a11079c6b/announcements responded 204 in 0.4603 ms
2026-04-21 07:35:52.250 +06:00 [INF] HTTP GET /api/Announcements/courses/fbb48203-6ce7-4115-b8d2-a72a11079c6b/announcements responded 200 in 21.2836 ms
2026-04-21 07:35:57.143 +06:00 [INF] HTTP OPTIONS /api/Notifications responded 204 in 0.2454 ms
2026-04-21 07:35:57.318 +06:00 [INF] HTTP GET /api/Notifications responded 200 in 164.0488 ms
2026-04-21 07:36:37.080 +06:00 [INF] HTTP OPTIONS /api/Notifications responded 204 in 35.9503 ms
2026-04-21 07:36:37.608 +06:00 [INF] HTTP GET /api/Notifications responded 200 in 445.9095 ms
2026-04-21 07:36:48.333 +06:00 [INF] HTTP OPTIONS /api/profile responded 204 in 24.0363 ms
2026-04-21 07:36:48.335 +06:00 [INF] HTTP OPTIONS /api/profile/cb1e1fdb-d34e-4816-8908-436bc28ffdf2 responded 204 in 0.5401 ms
2026-04-21 07:36:49.146 +06:00 [INF] HTTP GET /api/profile responded 200 in 729.5480 ms
2026-04-21 07:36:49.507 +06:00 [INF] HTTP GET /api/profile/cb1e1fdb-d34e-4816-8908-436bc28ffdf2 responded 200 in 1090.1096 ms
2026-04-21 07:37:00.270 +06:00 [INF] HTTP OPTIONS /api/Courses responded 204 in 12.5663 ms
2026-04-21 07:37:00.270 +06:00 [INF] HTTP OPTIONS /api/Courses responded 204 in 12.5967 ms
2026-04-21 07:37:03.179 +06:00 [INF] HTTP GET /api/Courses responded 200 in 2815.9751 ms
2026-04-21 07:37:03.194 +06:00 [INF] HTTP GET /api/Courses responded 200 in 2847.6703 ms
2026-04-21 07:37:08.397 +06:00 [INF] HTTP OPTIONS /api/Notifications responded 204 in 39.1185 ms
2026-04-21 07:37:08.724 +06:00 [INF] HTTP GET /api/Notifications responded 200 in 204.8973 ms
2026-04-21 07:37:28.486 +06:00 [INF] HTTP OPTIONS /api/Courses/fbb48203-6ce7-4115-b8d2-a72a11079c6b/members responded 204 in 70.8443 ms
2026-04-21 07:37:28.486 +06:00 [INF] HTTP OPTIONS /api/Courses/fbb48203-6ce7-4115-b8d2-a72a11079c6b/join-requests responded 204 in 70.8344 ms
2026-04-21 07:37:31.703 +06:00 [INF] HTTP OPTIONS /api/Courses/fbb48203-6ce7-4115-b8d2-a72a11079c6b responded 204 in 8.4449 ms
2026-04-21 07:37:31.962 +06:00 [INF] HTTP GET /api/Courses/fbb48203-6ce7-4115-b8d2-a72a11079c6b/members responded 200 in 3334.2637 ms
2026-04-21 07:37:32.327 +06:00 [INF] HTTP GET /api/Courses/fbb48203-6ce7-4115-b8d2-a72a11079c6b/join-requests responded 200 in 3693.8603 ms
2026-04-21 07:37:32.375 +06:00 [INF] HTTP GET /api/Courses/fbb48203-6ce7-4115-b8d2-a72a11079c6b responded 200 in 386.3632 ms
2026-04-21 07:37:40.472 +06:00 [INF] HTTP OPTIONS /api/Notifications responded 204 in 67.0744 ms
2026-04-21 07:37:41.979 +06:00 [INF] HTTP GET /api/Notifications responded 200 in 1189.3859 ms
2026-04-21 07:39:12.845 +06:00 [INF] HTTP OPTIONS /api/auth/login responded 204 in 23.5424 ms
2026-04-21 07:39:15.011 +06:00 [ERR] HTTP POST /api/auth/login responded 500 in 1966.2808 ms
EduNexis.Domain.Exceptions.UnauthorizedException: Invalid email or password.
   at EduNexis.Application.Features.Auth.Commands.LoginUserCommandHandler.Handle(LoginUserCommand command, CancellationToken ct) in D:\Coding\Projects\edunexis-api\src\EduNexis.Application\Features\Auth\Commands\LoginUserCommand.cs:line 24
   at EduNexis.API.Controllers.AuthController.Login(LoginUserCommand command, CancellationToken ct) in D:\Coding\Projects\edunexis-api\src\EduNexis.API\Controllers\AuthController.cs:line 18
   at Microsoft.AspNetCore.Mvc.Infrastructure.ActionMethodExecutor.TaskOfIActionResultExecutor.Execute(ActionContext actionContext, IActionResultTypeMapper mapper, ObjectMethodExecutor executor, Object controller, Object[] arguments)
   at Microsoft.AspNetCore.Mvc.Infrastructure.ControllerActionInvoker.<InvokeActionMethodAsync>g__Awaited|12_0(ControllerActionInvoker invoker, ValueTask`1 actionResultValueTask)
   at Microsoft.AspNetCore.Mvc.Infrastructure.ControllerActionInvoker.<InvokeNextActionFilterAsync>g__Awaited|10_0(ControllerActionInvoker invoker, Task lastTask, State next, Scope scope, Object state, Boolean isCompleted)
   at Microsoft.AspNetCore.Mvc.Infrastructure.ControllerActionInvoker.Rethrow(ActionExecutedContextSealed context)
   at Microsoft.AspNetCore.Mvc.Infrastructure.ControllerActionInvoker.Next(State& next, Scope& scope, Object& state, Boolean& isCompleted)
   at Microsoft.AspNetCore.Mvc.Infrastructure.ControllerActionInvoker.<InvokeInnerFilterAsync>g__Awaited|13_0(ControllerActionInvoker invoker, Task lastTask, State next, Scope scope, Object state, Boolean isCompleted)
   at Microsoft.AspNetCore.Mvc.Infrastructure.ResourceInvoker.<InvokeFilterPipelineAsync>g__Awaited|20_0(ResourceInvoker invoker, Task lastTask, State next, Scope scope, Object state, Boolean isCompleted)
   at Microsoft.AspNetCore.Mvc.Infrastructure.ResourceInvoker.<InvokeAsync>g__Awaited|17_0(ResourceInvoker invoker, Task task, IDisposable scope)
   at Microsoft.AspNetCore.Mvc.Infrastructure.ResourceInvoker.<InvokeAsync>g__Awaited|17_0(ResourceInvoker invoker, Task task, IDisposable scope)
   at Microsoft.AspNetCore.Authorization.AuthorizationMiddleware.Invoke(HttpContext context)
   at Microsoft.AspNetCore.Authentication.AuthenticationMiddleware.Invoke(HttpContext context)
   at Serilog.AspNetCore.RequestLoggingMiddleware.Invoke(HttpContext httpContext)
2026-04-21 07:39:15.447 +06:00 [ERR] Unhandled exception: Invalid email or password.
EduNexis.Domain.Exceptions.UnauthorizedException: Invalid email or password.
   at EduNexis.Application.Features.Auth.Commands.LoginUserCommandHandler.Handle(LoginUserCommand command, CancellationToken ct) in D:\Coding\Projects\edunexis-api\src\EduNexis.Application\Features\Auth\Commands\LoginUserCommand.cs:line 24
   at EduNexis.API.Controllers.AuthController.Login(LoginUserCommand command, CancellationToken ct) in D:\Coding\Projects\edunexis-api\src\EduNexis.API\Controllers\AuthController.cs:line 18
   at Microsoft.AspNetCore.Mvc.Infrastructure.ActionMethodExecutor.TaskOfIActionResultExecutor.Execute(ActionContext actionContext, IActionResultTypeMapper mapper, ObjectMethodExecutor executor, Object controller, Object[] arguments)
   at Microsoft.AspNetCore.Mvc.Infrastructure.ControllerActionInvoker.<InvokeActionMethodAsync>g__Awaited|12_0(ControllerActionInvoker invoker, ValueTask`1 actionResultValueTask)
   at Microsoft.AspNetCore.Mvc.Infrastructure.ControllerActionInvoker.<InvokeNextActionFilterAsync>g__Awaited|10_0(ControllerActionInvoker invoker, Task lastTask, State next, Scope scope, Object state, Boolean isCompleted)
   at Microsoft.AspNetCore.Mvc.Infrastructure.ControllerActionInvoker.Rethrow(ActionExecutedContextSealed context)
   at Microsoft.AspNetCore.Mvc.Infrastructure.ControllerActionInvoker.Next(State& next, Scope& scope, Object& state, Boolean& isCompleted)
   at Microsoft.AspNetCore.Mvc.Infrastructure.ControllerActionInvoker.<InvokeInnerFilterAsync>g__Awaited|13_0(ControllerActionInvoker invoker, Task lastTask, State next, Scope scope, Object state, Boolean isCompleted)
   at Microsoft.AspNetCore.Mvc.Infrastructure.ResourceInvoker.<InvokeFilterPipelineAsync>g__Awaited|20_0(ResourceInvoker invoker, Task lastTask, State next, Scope scope, Object state, Boolean isCompleted)
   at Microsoft.AspNetCore.Mvc.Infrastructure.ResourceInvoker.<InvokeAsync>g__Awaited|17_0(ResourceInvoker invoker, Task task, IDisposable scope)
   at Microsoft.AspNetCore.Mvc.Infrastructure.ResourceInvoker.<InvokeAsync>g__Awaited|17_0(ResourceInvoker invoker, Task task, IDisposable scope)
   at Microsoft.AspNetCore.Authorization.AuthorizationMiddleware.Invoke(HttpContext context)
   at Microsoft.AspNetCore.Authentication.AuthenticationMiddleware.Invoke(HttpContext context)
   at Serilog.AspNetCore.RequestLoggingMiddleware.Invoke(HttpContext httpContext)
   at Swashbuckle.AspNetCore.SwaggerUI.SwaggerUIMiddleware.Invoke(HttpContext httpContext)
   at Swashbuckle.AspNetCore.Swagger.SwaggerMiddleware.Invoke(HttpContext httpContext, ISwaggerProvider swaggerProvider)
   at EduNexis.API.Middleware.ExceptionMiddleware.InvokeAsync(HttpContext context) in D:\Coding\Projects\edunexis-api\src\EduNexis.API\Middleware\ExceptionMiddleware.cs:line 15
2026-04-21 07:48:28.444 +06:00 [INF] HTTP OPTIONS /api/auth/register responded 204 in 0.4315 ms
2026-04-21 07:48:29.581 +06:00 [INF] HTTP POST /api/auth/register responded 200 in 1127.1116 ms
2026-04-21 07:48:29.908 +06:00 [INF] HTTP OPTIONS /api/profile responded 204 in 0.1006 ms
2026-04-21 07:48:29.959 +06:00 [INF] HTTP GET /api/profile responded 200 in 42.1745 ms
2026-04-21 07:48:46.987 +06:00 [INF] HTTP OPTIONS /api/profile responded 204 in 2.8318 ms
2026-04-21 07:48:47.404 +06:00 [INF] HTTP PUT /api/profile responded 200 in 403.3027 ms
2026-04-21 07:48:47.733 +06:00 [INF] HTTP GET /api/profile responded 200 in 13.6403 ms
2026-04-21 07:48:56.049 +06:00 [INF] HTTP OPTIONS /api/Notifications responded 204 in 0.1061 ms
2026-04-21 07:48:56.061 +06:00 [INF] HTTP OPTIONS /api/Courses responded 204 in 0.0491 ms
2026-04-21 07:48:56.062 +06:00 [INF] HTTP OPTIONS /api/Courses responded 204 in 0.6489 ms
2026-04-21 07:48:56.209 +06:00 [INF] HTTP GET /api/Notifications responded 200 in 138.3370 ms
2026-04-21 07:48:56.610 +06:00 [INF] HTTP GET /api/Courses responded 200 in 526.9530 ms
2026-04-21 07:48:56.678 +06:00 [INF] HTTP GET /api/Courses responded 200 in 504.6496 ms
2026-04-21 07:49:26.984 +06:00 [INF] HTTP OPTIONS /api/Notifications responded 204 in 8.3618 ms
2026-04-21 07:49:27.357 +06:00 [INF] HTTP GET /api/Notifications responded 200 in 304.4457 ms
2026-04-21 07:49:34.582 +06:00 [INF] HTTP OPTIONS /api/Courses/join-by-code responded 204 in 2.0696 ms
2026-04-21 07:49:37.268 +06:00 [INF] HTTP POST /api/Courses/join-by-code responded 200 in 2674.8097 ms
2026-04-21 07:50:24.622 +06:00 [INF] HTTP OPTIONS /api/Courses responded 204 in 10.5891 ms
2026-04-21 07:50:24.622 +06:00 [INF] HTTP OPTIONS /api/Notifications responded 204 in 10.6831 ms
2026-04-21 07:50:24.622 +06:00 [INF] HTTP OPTIONS /api/Courses responded 204 in 10.6807 ms
2026-04-21 07:50:25.072 +06:00 [INF] HTTP GET /api/Notifications responded 200 in 370.1489 ms
2026-04-21 07:50:25.112 +06:00 [INF] HTTP GET /api/Courses responded 200 in 409.4364 ms
2026-04-21 07:50:25.174 +06:00 [INF] HTTP GET /api/Courses responded 200 in 472.4701 ms
